2026-07-03 13:14:54,043 [INFO] SignalBot starting...
2026-07-03 13:15:37,150 [WARNING] Could not lock MT5 config: 'utf-8' codec can't decode byte 0xff in position 0: invalid start byte
2026-07-03 13:15:37,162 [INFO] Sent Alt+T to MT5 window — AutoTrading was off
2026-07-03 13:15:37,169 [INFO] Default symbol XAUUSD-STDc added to Market Watch
2026-07-03 13:15:38,532 [INFO] HTTP Request: POST https://api.telegram.org/bot8061605107:AAGWi0o4NaL4E_6Mnh2hkBth4tDfNNgK0qo/getMe "HTTP/1.1 200 OK"
2026-07-03 13:15:38,540 [INFO] Application started
2026-07-03 13:15:38,718 [INFO] HTTP Request: POST https://api.telegram.org/bot8061605107:AAGWi0o4NaL4E_6Mnh2hkBth4tDfNNgK0qo/deleteWebhook "HTTP/1.1 200 OK"
2026-07-03 13:15:38,726 [INFO] Telegram notifier started.
2026-07-03 13:15:38,729 [INFO] MT5 startup check OK: Connected as #26578318 | Balance: $22,597.12 | Free margin: $22,597.12
2026-07-03 13:15:38,730 [INFO] Service autozone     enabled
2026-07-03 13:15:38,730 [INFO] Service trend        enabled
2026-07-03 13:15:38,732 [INFO] Service fib_scanner  enabled
2026-07-03 13:15:38,732 [INFO] Service strategy     disabled
2026-07-03 13:15:38,733 [INFO] Service agent        enabled (live unlocked)
2026-07-03 13:15:38,736 [INFO] Bot ready | env=live | services=listener, autozone, trend, fib_scanner, agent
2026-07-03 13:15:39,011 [INFO] Connecting to 91.108.56.179:443/TcpFull...
2026-07-03 13:15:39,012 [INFO] AutoZone watcher started.
2026-07-03 13:15:39,047 [INFO] Trend watcher started (interval=60s)
2026-07-03 13:15:39,048 [INFO] Fib entry scanner started (interval=60s)
2026-07-03 13:15:39,052 [INFO] Connection to 91.108.56.179:443/TcpFull complete!
2026-07-03 13:15:39,373 [INFO] Resolved group by numeric ID: PIPS FIGHTER 2026
2026-07-03 13:15:39,439 [INFO] HTTP Request: POST https://api.telegram.org/bot8061605107:AAGWi0o4NaL4E_6Mnh2hkBth4tDfNNgK0qo/sendMessage "HTTP/1.1 200 OK"
2026-07-03 13:15:39,443 [INFO] Agent started | mode=CONFIRM | window=22:00-6:00 MYT
2026-07-03 13:15:39,837 [INFO] HTTP Request: POST https://api.telegram.org/bot8061605107:AAGWi0o4NaL4E_6Mnh2hkBth4tDfNNgK0qo/sendMessage "HTTP/1.1 200 OK"
2026-07-03 13:15:39,841 [INFO] Listening on 'PIPS FIGHTER 2026' as En
2026-07-03 13:15:49,627 [INFO] HTTP Request: POST https://api.telegram.org/bot8061605107:AAGWi0o4NaL4E_6Mnh2hkBth4tDfNNgK0qo/getUpdates "HTTP/1.1 200 OK"
2026-07-03 13:15:59,821 [INFO] HTTP Request: POST https://api.telegram.org/bot8061605107:AAGWi0o4NaL4E_6Mnh2hkBth4tDfNNgK0qo/getUpdates "HTTP/1.1 200 OK"
2026-07-03 13:16:10,036 [INFO] HTTP Request: POST https://api.telegram.org/bot8061605107:AAGWi0o4NaL4E_6Mnh2hkBth4tDfNNgK0qo/getUpdates "HTTP/1.1 200 OK"
2026-07-03 13:16:20,227 [INFO] HTTP Request: POST https://api.telegram.org/bot8061605107:AAGWi0o4NaL4E_6Mnh2hkBth4tDfNNgK0qo/getUpdates "HTTP/1.1 200 OK"
2026-07-03 13:16:30,442 [INFO] HTTP Request: POST https://api.telegram.org/bot8061605107:AAGWi0o4NaL4E_6Mnh2hkBth4tDfNNgK0qo/getUpdates "HTTP/1.1 200 OK"
2026-07-03 13:16:39,965 [INFO] HTTP Request: POST https://api.telegram.org/bot8061605107:AAGWi0o4NaL4E_6Mnh2hkBth4tDfNNgK0qo/sendMessage "HTTP/1.1 200 OK"
2026-07-03 13:16:39,968 [INFO] Fib alert: XAUUSD BUY zone @ 4176.74 (fib 16%) [cbed64e5]
2026-07-03 13:16:40,632 [INFO] HTTP Request: POST https://api.telegram.org/bot8061605107:AAGWi0o4NaL4E_6Mnh2hkBth4tDfNNgK0qo/getUpdates "HTTP/1.1 200 OK"
2026-07-03 13:16:50,829 [INFO] HTTP Request: POST https://api.telegram.org/bot8061605107:AAGWi0o4NaL4E_6Mnh2hkBth4tDfNNgK0qo/getUpdates "HTTP/1.1 200 OK"
2026-07-03 13:17:01,071 [INFO] HTTP Request: POST https://api.telegram.org/bot8061605107:AAGWi0o4NaL4E_6Mnh2hkBth4tDfNNgK0qo/getUpdates "HTTP/1.1 200 OK"
2026-07-03 13:17:11,300 [INFO] HTTP Request: POST https://api.telegram.org/bot8061605107:AAGWi0o4NaL4E_6Mnh2hkBth4tDfNNgK0qo/getUpdates "HTTP/1.1 200 OK"
2026-07-03 13:17:21,492 [INFO] HTTP Request: POST https://api.telegram.org/bot8061605107:AAGWi0o4NaL4E_6Mnh2hkBth4tDfNNgK0qo/getUpdates "HTTP/1.1 200 OK"
2026-07-03 13:17:31,720 [INFO] HTTP Request: POST https://api.telegram.org/bot8061605107:AAGWi0o4NaL4E_6Mnh2hkBth4tDfNNgK0qo/getUpdates "HTTP/1.1 200 OK"
2026-07-03 13:17:41,910 [INFO] HTTP Request: POST https://api.telegram.org/bot8061605107:AAGWi0o4NaL4E_6Mnh2hkBth4tDfNNgK0qo/getUpdates "HTTP/1.1 200 OK"
2026-07-03 13:17:52,125 [INFO] HTTP Request: POST https://api.telegram.org/bot8061605107:AAGWi0o4NaL4E_6Mnh2hkBth4tDfNNgK0qo/getUpdates "HTTP/1.1 200 OK"
2026-07-03 13:18:02,323 [INFO] HTTP Request: POST https://api.telegram.org/bot8061605107:AAGWi0o4NaL4E_6Mnh2hkBth4tDfNNgK0qo/getUpdates "HTTP/1.1 200 OK"
2026-07-03 13:18:12,518 [INFO] HTTP Request: POST https://api.telegram.org/bot8061605107:AAGWi0o4NaL4E_6Mnh2hkBth4tDfNNgK0qo/getUpdates "HTTP/1.1 200 OK"
2026-07-03 13:18:22,717 [INFO] HTTP Request: POST https://api.telegram.org/bot8061605107:AAGWi0o4NaL4E_6Mnh2hkBth4tDfNNgK0qo/getUpdates "HTTP/1.1 200 OK"
2026-07-03 13:18:32,906 [INFO] HTTP Request: POST https://api.telegram.org/bot8061605107:AAGWi0o4NaL4E_6Mnh2hkBth4tDfNNgK0qo/getUpdates "HTTP/1.1 200 OK"
2026-07-03 13:18:43,096 [INFO] HTTP Request: POST https://api.telegram.org/bot8061605107:AAGWi0o4NaL4E_6Mnh2hkBth4tDfNNgK0qo/getUpdates "HTTP/1.1 200 OK"
2026-07-03 13:18:53,334 [INFO] HTTP Request: POST https://api.telegram.org/bot8061605107:AAGWi0o4NaL4E_6Mnh2hkBth4tDfNNgK0qo/getUpdates "HTTP/1.1 200 OK"
2026-07-03 13:19:03,524 [INFO] HTTP Request: POST https://api.telegram.org/bot8061605107:AAGWi0o4NaL4E_6Mnh2hkBth4tDfNNgK0qo/getUpdates "HTTP/1.1 200 OK"
2026-07-03 13:19:13,714 [INFO] HTTP Request: POST https://api.telegram.org/bot8061605107:AAGWi0o4NaL4E_6Mnh2hkBth4tDfNNgK0qo/getUpdates "HTTP/1.1 200 OK"
2026-07-03 13:19:23,917 [INFO] HTTP Request: POST https://api.telegram.org/bot8061605107:AAGWi0o4NaL4E_6Mnh2hkBth4tDfNNgK0qo/getUpdates "HTTP/1.1 200 OK"
2026-07-03 13:19:34,120 [INFO] HTTP Request: POST https://api.telegram.org/bot8061605107:AAGWi0o4NaL4E_6Mnh2hkBth4tDfNNgK0qo/getUpdates "HTTP/1.1 200 OK"
2026-07-03 13:19:44,315 [INFO] HTTP Request: POST https://api.telegram.org/bot8061605107:AAGWi0o4NaL4E_6Mnh2hkBth4tDfNNgK0qo/getUpdates "HTTP/1.1 200 OK"
2026-07-03 13:19:54,504 [INFO] HTTP Request: POST https://api.telegram.org/bot8061605107:AAGWi0o4NaL4E_6Mnh2hkBth4tDfNNgK0qo/getUpdates "HTTP/1.1 200 OK"
2026-07-03 13:20:04,777 [INFO] HTTP Request: POST https://api.telegram.org/bot8061605107:AAGWi0o4NaL4E_6Mnh2hkBth4tDfNNgK0qo/getUpdates "HTTP/1.1 200 OK"
2026-07-03 13:20:14,968 [INFO] HTTP Request: POST https://api.telegram.org/bot8061605107:AAGWi0o4NaL4E_6Mnh2hkBth4tDfNNgK0qo/getUpdates "HTTP/1.1 200 OK"
2026-07-03 13:20:25,167 [INFO] HTTP Request: POST https://api.telegram.org/bot8061605107:AAGWi0o4NaL4E_6Mnh2hkBth4tDfNNgK0qo/getUpdates "HTTP/1.1 200 OK"
2026-07-03 13:20:35,377 [INFO] HTTP Request: POST https://api.telegram.org/bot8061605107:AAGWi0o4NaL4E_6Mnh2hkBth4tDfNNgK0qo/getUpdates "HTTP/1.1 200 OK"
2026-07-03 13:20:45,579 [INFO] HTTP Request: POST https://api.telegram.org/bot8061605107:AAGWi0o4NaL4E_6Mnh2hkBth4tDfNNgK0qo/getUpdates "HTTP/1.1 200 OK"
2026-07-03 13:20:55,774 [INFO] HTTP Request: POST https://api.telegram.org/bot8061605107:AAGWi0o4NaL4E_6Mnh2hkBth4tDfNNgK0qo/getUpdates "HTTP/1.1 200 OK"
2026-07-03 13:21:05,980 [INFO] HTTP Request: POST https://api.telegram.org/bot8061605107:AAGWi0o4NaL4E_6Mnh2hkBth4tDfNNgK0qo/getUpdates "HTTP/1.1 200 OK"
2026-07-03 13:21:16,172 [INFO] HTTP Request: POST https://api.telegram.org/bot8061605107:AAGWi0o4NaL4E_6Mnh2hkBth4tDfNNgK0qo/getUpdates "HTTP/1.1 200 OK"
2026-07-03 13:21:26,420 [INFO] HTTP Request: POST https://api.telegram.org/bot8061605107:AAGWi0o4NaL4E_6Mnh2hkBth4tDfNNgK0qo/getUpdates "HTTP/1.1 200 OK"
2026-07-03 13:21:36,616 [INFO] HTTP Request: POST https://api.telegram.org/bot8061605107:AAGWi0o4NaL4E_6Mnh2hkBth4tDfNNgK0qo/getUpdates "HTTP/1.1 200 OK"
2026-07-03 13:21:46,806 [INFO] HTTP Request: POST https://api.telegram.org/bot8061605107:AAGWi0o4NaL4E_6Mnh2hkBth4tDfNNgK0qo/getUpdates "HTTP/1.1 200 OK"
2026-07-03 13:21:56,996 [INFO] HTTP Request: POST https://api.telegram.org/bot8061605107:AAGWi0o4NaL4E_6Mnh2hkBth4tDfNNgK0qo/getUpdates "HTTP/1.1 200 OK"
2026-07-03 13:22:07,223 [INFO] HTTP Request: POST https://api.telegram.org/bot8061605107:AAGWi0o4NaL4E_6Mnh2hkBth4tDfNNgK0qo/getUpdates "HTTP/1.1 200 OK"
2026-07-03 13:22:17,418 [INFO] HTTP Request: POST https://api.telegram.org/bot8061605107:AAGWi0o4NaL4E_6Mnh2hkBth4tDfNNgK0qo/getUpdates "HTTP/1.1 200 OK"
2026-07-03 13:22:27,613 [INFO] HTTP Request: POST https://api.telegram.org/bot8061605107:AAGWi0o4NaL4E_6Mnh2hkBth4tDfNNgK0qo/getUpdates "HTTP/1.1 200 OK"
2026-07-03 13:22:37,823 [INFO] HTTP Request: POST https://api.telegram.org/bot8061605107:AAGWi0o4NaL4E_6Mnh2hkBth4tDfNNgK0qo/getUpdates "HTTP/1.1 200 OK"
2026-07-03 13:22:48,015 [INFO] HTTP Request: POST https://api.telegram.org/bot8061605107:AAGWi0o4NaL4E_6Mnh2hkBth4tDfNNgK0qo/getUpdates "HTTP/1.1 200 OK"
2026-07-03 13:22:58,205 [INFO] HTTP Request: POST https://api.telegram.org/bot8061605107:AAGWi0o4NaL4E_6Mnh2hkBth4tDfNNgK0qo/getUpdates "HTTP/1.1 200 OK"
2026-07-03 13:23:08,399 [INFO] HTTP Request: POST https://api.telegram.org/bot8061605107:AAGWi0o4NaL4E_6Mnh2hkBth4tDfNNgK0qo/getUpdates "HTTP/1.1 200 OK"
2026-07-03 13:23:18,590 [INFO] HTTP Request: POST https://api.telegram.org/bot8061605107:AAGWi0o4NaL4E_6Mnh2hkBth4tDfNNgK0qo/getUpdates "HTTP/1.1 200 OK"
2026-07-03 13:23:28,787 [INFO] HTTP Request: POST https://api.telegram.org/bot8061605107:AAGWi0o4NaL4E_6Mnh2hkBth4tDfNNgK0qo/getUpdates "HTTP/1.1 200 OK"
2026-07-03 13:23:38,987 [INFO] HTTP Request: POST https://api.telegram.org/bot8061605107:AAGWi0o4NaL4E_6Mnh2hkBth4tDfNNgK0qo/getUpdates "HTTP/1.1 200 OK"
2026-07-03 13:23:49,191 [INFO] HTTP Request: POST https://api.telegram.org/bot8061605107:AAGWi0o4NaL4E_6Mnh2hkBth4tDfNNgK0qo/getUpdates "HTTP/1.1 200 OK"
2026-07-03 13:23:59,380 [INFO] HTTP Request: POST https://api.telegram.org/bot8061605107:AAGWi0o4NaL4E_6Mnh2hkBth4tDfNNgK0qo/getUpdates "HTTP/1.1 200 OK"
2026-07-03 13:24:09,574 [INFO] HTTP Request: POST https://api.telegram.org/bot8061605107:AAGWi0o4NaL4E_6Mnh2hkBth4tDfNNgK0qo/getUpdates "HTTP/1.1 200 OK"
2026-07-03 13:24:19,767 [INFO] HTTP Request: POST https://api.telegram.org/bot8061605107:AAGWi0o4NaL4E_6Mnh2hkBth4tDfNNgK0qo/getUpdates "HTTP/1.1 200 OK"
2026-07-03 13:24:29,958 [INFO] HTTP Request: POST https://api.telegram.org/bot8061605107:AAGWi0o4NaL4E_6Mnh2hkBth4tDfNNgK0qo/getUpdates "HTTP/1.1 200 OK"
2026-07-03 13:24:40,178 [INFO] HTTP Request: POST https://api.telegram.org/bot8061605107:AAGWi0o4NaL4E_6Mnh2hkBth4tDfNNgK0qo/getUpdates "HTTP/1.1 200 OK"
2026-07-03 13:24:50,407 [INFO] HTTP Request: POST https://api.telegram.org/bot8061605107:AAGWi0o4NaL4E_6Mnh2hkBth4tDfNNgK0qo/getUpdates "HTTP/1.1 200 OK"
2026-07-03 13:25:00,595 [INFO] HTTP Request: POST https://api.telegram.org/bot8061605107:AAGWi0o4NaL4E_6Mnh2hkBth4tDfNNgK0qo/getUpdates "HTTP/1.1 200 OK"
2026-07-03 13:25:10,792 [INFO] HTTP Request: POST https://api.telegram.org/bot8061605107:AAGWi0o4NaL4E_6Mnh2hkBth4tDfNNgK0qo/getUpdates "HTTP/1.1 200 OK"
2026-07-03 13:25:20,986 [INFO] HTTP Request: POST https://api.telegram.org/bot8061605107:AAGWi0o4NaL4E_6Mnh2hkBth4tDfNNgK0qo/getUpdates "HTTP/1.1 200 OK"
2026-07-03 13:25:31,175 [INFO] HTTP Request: POST https://api.telegram.org/bot8061605107:AAGWi0o4NaL4E_6Mnh2hkBth4tDfNNgK0qo/getUpdates "HTTP/1.1 200 OK"
2026-07-03 13:25:41,377 [INFO] HTTP Request: POST https://api.telegram.org/bot8061605107:AAGWi0o4NaL4E_6Mnh2hkBth4tDfNNgK0qo/getUpdates "HTTP/1.1 200 OK"
2026-07-03 13:25:51,611 [INFO] HTTP Request: POST https://api.telegram.org/bot8061605107:AAGWi0o4NaL4E_6Mnh2hkBth4tDfNNgK0qo/getUpdates "HTTP/1.1 200 OK"
2026-07-03 13:26:01,813 [INFO] HTTP Request: POST https://api.telegram.org/bot8061605107:AAGWi0o4NaL4E_6Mnh2hkBth4tDfNNgK0qo/getUpdates "HTTP/1.1 200 OK"
2026-07-03 13:26:12,003 [INFO] HTTP Request: POST https://api.telegram.org/bot8061605107:AAGWi0o4NaL4E_6Mnh2hkBth4tDfNNgK0qo/getUpdates "HTTP/1.1 200 OK"
2026-07-03 13:26:22,263 [INFO] HTTP Request: POST https://api.telegram.org/bot8061605107:AAGWi0o4NaL4E_6Mnh2hkBth4tDfNNgK0qo/getUpdates "HTTP/1.1 200 OK"
2026-07-03 13:26:32,477 [INFO] HTTP Request: POST https://api.telegram.org/bot8061605107:AAGWi0o4NaL4E_6Mnh2hkBth4tDfNNgK0qo/getUpdates "HTTP/1.1 200 OK"
2026-07-03 13:26:42,666 [INFO] HTTP Request: POST https://api.telegram.org/bot8061605107:AAGWi0o4NaL4E_6Mnh2hkBth4tDfNNgK0qo/getUpdates "HTTP/1.1 200 OK"
2026-07-03 13:26:52,856 [INFO] HTTP Request: POST https://api.telegram.org/bot8061605107:AAGWi0o4NaL4E_6Mnh2hkBth4tDfNNgK0qo/getUpdates "HTTP/1.1 200 OK"
2026-07-03 13:27:03,045 [INFO] HTTP Request: POST https://api.telegram.org/bot8061605107:AAGWi0o4NaL4E_6Mnh2hkBth4tDfNNgK0qo/getUpdates "HTTP/1.1 200 OK"
2026-07-03 13:27:13,245 [INFO] HTTP Request: POST https://api.telegram.org/bot8061605107:AAGWi0o4NaL4E_6Mnh2hkBth4tDfNNgK0qo/getUpdates "HTTP/1.1 200 OK"
2026-07-03 13:27:23,435 [INFO] HTTP Request: POST https://api.telegram.org/bot8061605107:AAGWi0o4NaL4E_6Mnh2hkBth4tDfNNgK0qo/getUpdates "HTTP/1.1 200 OK"
2026-07-03 13:27:33,627 [INFO] HTTP Request: POST https://api.telegram.org/bot8061605107:AAGWi0o4NaL4E_6Mnh2hkBth4tDfNNgK0qo/getUpdates "HTTP/1.1 200 OK"
2026-07-03 13:27:43,821 [INFO] HTTP Request: POST https://api.telegram.org/bot8061605107:AAGWi0o4NaL4E_6Mnh2hkBth4tDfNNgK0qo/getUpdates "HTTP/1.1 200 OK"
2026-07-03 13:27:54,010 [INFO] HTTP Request: POST https://api.telegram.org/bot8061605107:AAGWi0o4NaL4E_6Mnh2hkBth4tDfNNgK0qo/getUpdates "HTTP/1.1 200 OK"
2026-07-03 13:28:04,242 [INFO] HTTP Request: POST https://api.telegram.org/bot8061605107:AAGWi0o4NaL4E_6Mnh2hkBth4tDfNNgK0qo/getUpdates "HTTP/1.1 200 OK"
2026-07-03 13:28:14,444 [INFO] HTTP Request: POST https://api.telegram.org/bot8061605107:AAGWi0o4NaL4E_6Mnh2hkBth4tDfNNgK0qo/getUpdates "HTTP/1.1 200 OK"
2026-07-03 13:28:24,633 [INFO] HTTP Request: POST https://api.telegram.org/bot8061605107:AAGWi0o4NaL4E_6Mnh2hkBth4tDfNNgK0qo/getUpdates "HTTP/1.1 200 OK"
2026-07-03 13:28:34,823 [INFO] HTTP Request: POST https://api.telegram.org/bot8061605107:AAGWi0o4NaL4E_6Mnh2hkBth4tDfNNgK0qo/getUpdates "HTTP/1.1 200 OK"
2026-07-03 13:28:45,013 [INFO] HTTP Request: POST https://api.telegram.org/bot8061605107:AAGWi0o4NaL4E_6Mnh2hkBth4tDfNNgK0qo/getUpdates "HTTP/1.1 200 OK"
2026-07-03 13:28:55,233 [INFO] HTTP Request: POST https://api.telegram.org/bot8061605107:AAGWi0o4NaL4E_6Mnh2hkBth4tDfNNgK0qo/getUpdates "HTTP/1.1 200 OK"
2026-07-03 13:29:05,439 [INFO] HTTP Request: POST https://api.telegram.org/bot8061605107:AAGWi0o4NaL4E_6Mnh2hkBth4tDfNNgK0qo/getUpdates "HTTP/1.1 200 OK"
2026-07-03 13:29:15,628 [INFO] HTTP Request: POST https://api.telegram.org/bot8061605107:AAGWi0o4NaL4E_6Mnh2hkBth4tDfNNgK0qo/getUpdates "HTTP/1.1 200 OK"
2026-07-03 13:29:25,830 [INFO] HTTP Request: POST https://api.telegram.org/bot8061605107:AAGWi0o4NaL4E_6Mnh2hkBth4tDfNNgK0qo/getUpdates "HTTP/1.1 200 OK"
2026-07-03 13:29:36,031 [INFO] HTTP Request: POST https://api.telegram.org/bot8061605107:AAGWi0o4NaL4E_6Mnh2hkBth4tDfNNgK0qo/getUpdates "HTTP/1.1 200 OK"
2026-07-03 13:29:46,221 [INFO] HTTP Request: POST https://api.telegram.org/bot8061605107:AAGWi0o4NaL4E_6Mnh2hkBth4tDfNNgK0qo/getUpdates "HTTP/1.1 200 OK"
2026-07-03 13:29:56,461 [INFO] HTTP Request: POST https://api.telegram.org/bot8061605107:AAGWi0o4NaL4E_6Mnh2hkBth4tDfNNgK0qo/getUpdates "HTTP/1.1 200 OK"
2026-07-03 13:30:06,664 [INFO] HTTP Request: POST https://api.telegram.org/bot8061605107:AAGWi0o4NaL4E_6Mnh2hkBth4tDfNNgK0qo/getUpdates "HTTP/1.1 200 OK"
2026-07-03 13:30:16,876 [INFO] HTTP Request: POST https://api.telegram.org/bot8061605107:AAGWi0o4NaL4E_6Mnh2hkBth4tDfNNgK0qo/getUpdates "HTTP/1.1 200 OK"
2026-07-03 13:30:27,072 [INFO] HTTP Request: POST https://api.telegram.org/bot8061605107:AAGWi0o4NaL4E_6Mnh2hkBth4tDfNNgK0qo/getUpdates "HTTP/1.1 200 OK"
2026-07-03 13:30:37,279 [INFO] HTTP Request: POST https://api.telegram.org/bot8061605107:AAGWi0o4NaL4E_6Mnh2hkBth4tDfNNgK0qo/getUpdates "HTTP/1.1 200 OK"
2026-07-03 13:30:40,907 [INFO] HTTP Request: POST https://api.telegram.org/bot8061605107:AAGWi0o4NaL4E_6Mnh2hkBth4tDfNNgK0qo/sendMessage "HTTP/1.1 200 OK"
2026-07-03 13:30:40,910 [INFO] Fib alert: XAUUSD SELL zone @ 4180.83 (fib 21%) [d8f388a6]
2026-07-03 13:30:47,472 [INFO] HTTP Request: POST https://api.telegram.org/bot8061605107:AAGWi0o4NaL4E_6Mnh2hkBth4tDfNNgK0qo/getUpdates "HTTP/1.1 200 OK"
2026-07-03 13:30:57,668 [INFO] HTTP Request: POST https://api.telegram.org/bot8061605107:AAGWi0o4NaL4E_6Mnh2hkBth4tDfNNgK0qo/getUpdates "HTTP/1.1 200 OK"
2026-07-03 13:31:07,859 [INFO] HTTP Request: POST https://api.telegram.org/bot8061605107:AAGWi0o4NaL4E_6Mnh2hkBth4tDfNNgK0qo/getUpdates "HTTP/1.1 200 OK"
2026-07-03 13:31:18,052 [INFO] HTTP Request: POST https://api.telegram.org/bot8061605107:AAGWi0o4NaL4E_6Mnh2hkBth4tDfNNgK0qo/getUpdates "HTTP/1.1 200 OK"
2026-07-03 13:31:28,242 [INFO] HTTP Request: POST https://api.telegram.org/bot8061605107:AAGWi0o4NaL4E_6Mnh2hkBth4tDfNNgK0qo/getUpdates "HTTP/1.1 200 OK"
2026-07-03 13:31:38,444 [INFO] HTTP Request: POST https://api.telegram.org/bot8061605107:AAGWi0o4NaL4E_6Mnh2hkBth4tDfNNgK0qo/getUpdates "HTTP/1.1 200 OK"
2026-07-03 13:31:48,646 [INFO] HTTP Request: POST https://api.telegram.org/bot8061605107:AAGWi0o4NaL4E_6Mnh2hkBth4tDfNNgK0qo/getUpdates "HTTP/1.1 200 OK"
2026-07-03 13:31:58,839 [INFO] HTTP Request: POST https://api.telegram.org/bot8061605107:AAGWi0o4NaL4E_6Mnh2hkBth4tDfNNgK0qo/getUpdates "HTTP/1.1 200 OK"
2026-07-03 13:32:09,033 [INFO] HTTP Request: POST https://api.telegram.org/bot8061605107:AAGWi0o4NaL4E_6Mnh2hkBth4tDfNNgK0qo/getUpdates "HTTP/1.1 200 OK"
2026-07-03 13:32:19,225 [INFO] HTTP Request: POST https://api.telegram.org/bot8061605107:AAGWi0o4NaL4E_6Mnh2hkBth4tDfNNgK0qo/getUpdates "HTTP/1.1 200 OK"
2026-07-03 13:32:29,416 [INFO] HTTP Request: POST https://api.telegram.org/bot8061605107:AAGWi0o4NaL4E_6Mnh2hkBth4tDfNNgK0qo/getUpdates "HTTP/1.1 200 OK"
2026-07-03 13:32:39,610 [INFO] HTTP Request: POST https://api.telegram.org/bot8061605107:AAGWi0o4NaL4E_6Mnh2hkBth4tDfNNgK0qo/getUpdates "HTTP/1.1 200 OK"
2026-07-03 13:32:49,801 [INFO] HTTP Request: POST https://api.telegram.org/bot8061605107:AAGWi0o4NaL4E_6Mnh2hkBth4tDfNNgK0qo/getUpdates "HTTP/1.1 200 OK"
2026-07-03 13:32:59,991 [INFO] HTTP Request: POST https://api.telegram.org/bot8061605107:AAGWi0o4NaL4E_6Mnh2hkBth4tDfNNgK0qo/getUpdates "HTTP/1.1 200 OK"
2026-07-03 13:33:10,180 [INFO] HTTP Request: POST https://api.telegram.org/bot8061605107:AAGWi0o4NaL4E_6Mnh2hkBth4tDfNNgK0qo/getUpdates "HTTP/1.1 200 OK"
2026-07-03 13:33:20,370 [INFO] HTTP Request: POST https://api.telegram.org/bot8061605107:AAGWi0o4NaL4E_6Mnh2hkBth4tDfNNgK0qo/getUpdates "HTTP/1.1 200 OK"
2026-07-03 13:33:30,572 [INFO] HTTP Request: POST https://api.telegram.org/bot8061605107:AAGWi0o4NaL4E_6Mnh2hkBth4tDfNNgK0qo/getUpdates "HTTP/1.1 200 OK"
2026-07-03 13:33:40,817 [INFO] HTTP Request: POST https://api.telegram.org/bot8061605107:AAGWi0o4NaL4E_6Mnh2hkBth4tDfNNgK0qo/getUpdates "HTTP/1.1 200 OK"
2026-07-03 13:33:51,021 [INFO] HTTP Request: POST https://api.telegram.org/bot8061605107:AAGWi0o4NaL4E_6Mnh2hkBth4tDfNNgK0qo/getUpdates "HTTP/1.1 200 OK"
2026-07-03 13:34:01,213 [INFO] HTTP Request: POST https://api.telegram.org/bot8061605107:AAGWi0o4NaL4E_6Mnh2hkBth4tDfNNgK0qo/getUpdates "HTTP/1.1 200 OK"
2026-07-03 13:34:11,403 [INFO] HTTP Request: POST https://api.telegram.org/bot8061605107:AAGWi0o4NaL4E_6Mnh2hkBth4tDfNNgK0qo/getUpdates "HTTP/1.1 200 OK"
2026-07-03 13:34:21,637 [INFO] HTTP Request: POST https://api.telegram.org/bot8061605107:AAGWi0o4NaL4E_6Mnh2hkBth4tDfNNgK0qo/getUpdates "HTTP/1.1 200 OK"
2026-07-03 13:34:31,828 [INFO] HTTP Request: POST https://api.telegram.org/bot8061605107:AAGWi0o4NaL4E_6Mnh2hkBth4tDfNNgK0qo/getUpdates "HTTP/1.1 200 OK"
2026-07-03 13:34:42,025 [INFO] HTTP Request: POST https://api.telegram.org/bot8061605107:AAGWi0o4NaL4E_6Mnh2hkBth4tDfNNgK0qo/getUpdates "HTTP/1.1 200 OK"
2026-07-03 13:34:52,227 [INFO] HTTP Request: POST https://api.telegram.org/bot8061605107:AAGWi0o4NaL4E_6Mnh2hkBth4tDfNNgK0qo/getUpdates "HTTP/1.1 200 OK"
2026-07-03 13:35:02,428 [INFO] HTTP Request: POST https://api.telegram.org/bot8061605107:AAGWi0o4NaL4E_6Mnh2hkBth4tDfNNgK0qo/getUpdates "HTTP/1.1 200 OK"
2026-07-03 13:35:12,617 [INFO] HTTP Request: POST https://api.telegram.org/bot8061605107:AAGWi0o4NaL4E_6Mnh2hkBth4tDfNNgK0qo/getUpdates "HTTP/1.1 200 OK"
2026-07-03 13:35:22,812 [INFO] HTTP Request: POST https://api.telegram.org/bot8061605107:AAGWi0o4NaL4E_6Mnh2hkBth4tDfNNgK0qo/getUpdates "HTTP/1.1 200 OK"
2026-07-03 13:35:33,003 [INFO] HTTP Request: POST https://api.telegram.org/bot8061605107:AAGWi0o4NaL4E_6Mnh2hkBth4tDfNNgK0qo/getUpdates "HTTP/1.1 200 OK"
2026-07-03 13:35:43,199 [INFO] HTTP Request: POST https://api.telegram.org/bot8061605107:AAGWi0o4NaL4E_6Mnh2hkBth4tDfNNgK0qo/getUpdates "HTTP/1.1 200 OK"
2026-07-03 13:35:53,396 [INFO] HTTP Request: POST https://api.telegram.org/bot8061605107:AAGWi0o4NaL4E_6Mnh2hkBth4tDfNNgK0qo/getUpdates "HTTP/1.1 200 OK"
2026-07-03 13:36:03,587 [INFO] HTTP Request: POST https://api.telegram.org/bot8061605107:AAGWi0o4NaL4E_6Mnh2hkBth4tDfNNgK0qo/getUpdates "HTTP/1.1 200 OK"
2026-07-03 13:36:13,777 [INFO] HTTP Request: POST https://api.telegram.org/bot8061605107:AAGWi0o4NaL4E_6Mnh2hkBth4tDfNNgK0qo/getUpdates "HTTP/1.1 200 OK"
2026-07-03 13:36:23,966 [INFO] HTTP Request: POST https://api.telegram.org/bot8061605107:AAGWi0o4NaL4E_6Mnh2hkBth4tDfNNgK0qo/getUpdates "HTTP/1.1 200 OK"
2026-07-03 13:36:34,157 [INFO] HTTP Request: POST https://api.telegram.org/bot8061605107:AAGWi0o4NaL4E_6Mnh2hkBth4tDfNNgK0qo/getUpdates "HTTP/1.1 200 OK"
2026-07-03 13:36:44,362 [INFO] HTTP Request: POST https://api.telegram.org/bot8061605107:AAGWi0o4NaL4E_6Mnh2hkBth4tDfNNgK0qo/getUpdates "HTTP/1.1 200 OK"
2026-07-03 13:36:54,552 [INFO] HTTP Request: POST https://api.telegram.org/bot8061605107:AAGWi0o4NaL4E_6Mnh2hkBth4tDfNNgK0qo/getUpdates "HTTP/1.1 200 OK"
2026-07-03 13:37:04,741 [INFO] HTTP Request: POST https://api.telegram.org/bot8061605107:AAGWi0o4NaL4E_6Mnh2hkBth4tDfNNgK0qo/getUpdates "HTTP/1.1 200 OK"
2026-07-03 13:37:14,942 [INFO] HTTP Request: POST https://api.telegram.org/bot8061605107:AAGWi0o4NaL4E_6Mnh2hkBth4tDfNNgK0qo/getUpdates "HTTP/1.1 200 OK"
2026-07-03 13:37:25,142 [INFO] HTTP Request: POST https://api.telegram.org/bot8061605107:AAGWi0o4NaL4E_6Mnh2hkBth4tDfNNgK0qo/getUpdates "HTTP/1.1 200 OK"
2026-07-03 13:37:35,332 [INFO] HTTP Request: POST https://api.telegram.org/bot8061605107:AAGWi0o4NaL4E_6Mnh2hkBth4tDfNNgK0qo/getUpdates "HTTP/1.1 200 OK"
2026-07-03 13:37:45,525 [INFO] HTTP Request: POST https://api.telegram.org/bot8061605107:AAGWi0o4NaL4E_6Mnh2hkBth4tDfNNgK0qo/getUpdates "HTTP/1.1 200 OK"
2026-07-03 13:37:55,726 [INFO] HTTP Request: POST https://api.telegram.org/bot8061605107:AAGWi0o4NaL4E_6Mnh2hkBth4tDfNNgK0qo/getUpdates "HTTP/1.1 200 OK"
2026-07-03 13:38:05,915 [INFO] HTTP Request: POST https://api.telegram.org/bot8061605107:AAGWi0o4NaL4E_6Mnh2hkBth4tDfNNgK0qo/getUpdates "HTTP/1.1 200 OK"
2026-07-03 13:38:16,105 [INFO] HTTP Request: POST https://api.telegram.org/bot8061605107:AAGWi0o4NaL4E_6Mnh2hkBth4tDfNNgK0qo/getUpdates "HTTP/1.1 200 OK"
2026-07-03 13:38:26,295 [INFO] HTTP Request: POST https://api.telegram.org/bot8061605107:AAGWi0o4NaL4E_6Mnh2hkBth4tDfNNgK0qo/getUpdates "HTTP/1.1 200 OK"
2026-07-03 13:38:36,489 [INFO] HTTP Request: POST https://api.telegram.org/bot8061605107:AAGWi0o4NaL4E_6Mnh2hkBth4tDfNNgK0qo/getUpdates "HTTP/1.1 200 OK"
2026-07-03 13:38:46,705 [INFO] HTTP Request: POST https://api.telegram.org/bot8061605107:AAGWi0o4NaL4E_6Mnh2hkBth4tDfNNgK0qo/getUpdates "HTTP/1.1 200 OK"
2026-07-03 13:38:56,895 [INFO] HTTP Request: POST https://api.telegram.org/bot8061605107:AAGWi0o4NaL4E_6Mnh2hkBth4tDfNNgK0qo/getUpdates "HTTP/1.1 200 OK"
2026-07-03 13:39:07,087 [INFO] HTTP Request: POST https://api.telegram.org/bot8061605107:AAGWi0o4NaL4E_6Mnh2hkBth4tDfNNgK0qo/getUpdates "HTTP/1.1 200 OK"
2026-07-03 13:39:17,285 [INFO] HTTP Request: POST https://api.telegram.org/bot8061605107:AAGWi0o4NaL4E_6Mnh2hkBth4tDfNNgK0qo/getUpdates "HTTP/1.1 200 OK"
2026-07-03 13:39:27,475 [INFO] HTTP Request: POST https://api.telegram.org/bot8061605107:AAGWi0o4NaL4E_6Mnh2hkBth4tDfNNgK0qo/getUpdates "HTTP/1.1 200 OK"
2026-07-03 13:39:37,667 [INFO] HTTP Request: POST https://api.telegram.org/bot8061605107:AAGWi0o4NaL4E_6Mnh2hkBth4tDfNNgK0qo/getUpdates "HTTP/1.1 200 OK"
2026-07-03 13:39:47,857 [INFO] HTTP Request: POST https://api.telegram.org/bot8061605107:AAGWi0o4NaL4E_6Mnh2hkBth4tDfNNgK0qo/getUpdates "HTTP/1.1 200 OK"
2026-07-03 13:39:58,046 [INFO] HTTP Request: POST https://api.telegram.org/bot8061605107:AAGWi0o4NaL4E_6Mnh2hkBth4tDfNNgK0qo/getUpdates "HTTP/1.1 200 OK"
2026-07-03 13:40:08,235 [INFO] HTTP Request: POST https://api.telegram.org/bot8061605107:AAGWi0o4NaL4E_6Mnh2hkBth4tDfNNgK0qo/getUpdates "HTTP/1.1 200 OK"
2026-07-03 13:40:18,424 [INFO] HTTP Request: POST https://api.telegram.org/bot8061605107:AAGWi0o4NaL4E_6Mnh2hkBth4tDfNNgK0qo/getUpdates "HTTP/1.1 200 OK"
2026-07-03 13:40:28,615 [INFO] HTTP Request: POST https://api.telegram.org/bot8061605107:AAGWi0o4NaL4E_6Mnh2hkBth4tDfNNgK0qo/getUpdates "HTTP/1.1 200 OK"
2026-07-03 13:40:38,813 [INFO] HTTP Request: POST https://api.telegram.org/bot8061605107:AAGWi0o4NaL4E_6Mnh2hkBth4tDfNNgK0qo/getUpdates "HTTP/1.1 200 OK"
2026-07-03 13:40:49,051 [INFO] HTTP Request: POST https://api.telegram.org/bot8061605107:AAGWi0o4NaL4E_6Mnh2hkBth4tDfNNgK0qo/getUpdates "HTTP/1.1 200 OK"
2026-07-03 13:40:59,267 [INFO] HTTP Request: POST https://api.telegram.org/bot8061605107:AAGWi0o4NaL4E_6Mnh2hkBth4tDfNNgK0qo/getUpdates "HTTP/1.1 200 OK"
2026-07-03 13:41:09,457 [INFO] HTTP Request: POST https://api.telegram.org/bot8061605107:AAGWi0o4NaL4E_6Mnh2hkBth4tDfNNgK0qo/getUpdates "HTTP/1.1 200 OK"
2026-07-03 13:41:19,648 [INFO] HTTP Request: POST https://api.telegram.org/bot8061605107:AAGWi0o4NaL4E_6Mnh2hkBth4tDfNNgK0qo/getUpdates "HTTP/1.1 200 OK"
2026-07-03 13:41:29,841 [INFO] HTTP Request: POST https://api.telegram.org/bot8061605107:AAGWi0o4NaL4E_6Mnh2hkBth4tDfNNgK0qo/getUpdates "HTTP/1.1 200 OK"
2026-07-03 13:41:40,059 [INFO] HTTP Request: POST https://api.telegram.org/bot8061605107:AAGWi0o4NaL4E_6Mnh2hkBth4tDfNNgK0qo/getUpdates "HTTP/1.1 200 OK"
2026-07-03 13:41:50,250 [INFO] HTTP Request: POST https://api.telegram.org/bot8061605107:AAGWi0o4NaL4E_6Mnh2hkBth4tDfNNgK0qo/getUpdates "HTTP/1.1 200 OK"
2026-07-03 13:42:00,440 [INFO] HTTP Request: POST https://api.telegram.org/bot8061605107:AAGWi0o4NaL4E_6Mnh2hkBth4tDfNNgK0qo/getUpdates "HTTP/1.1 200 OK"
2026-07-03 13:42:10,633 [INFO] HTTP Request: POST https://api.telegram.org/bot8061605107:AAGWi0o4NaL4E_6Mnh2hkBth4tDfNNgK0qo/getUpdates "HTTP/1.1 200 OK"
2026-07-03 13:42:20,825 [INFO] HTTP Request: POST https://api.telegram.org/bot8061605107:AAGWi0o4NaL4E_6Mnh2hkBth4tDfNNgK0qo/getUpdates "HTTP/1.1 200 OK"
2026-07-03 13:42:31,051 [INFO] HTTP Request: POST https://api.telegram.org/bot8061605107:AAGWi0o4NaL4E_6Mnh2hkBth4tDfNNgK0qo/getUpdates "HTTP/1.1 200 OK"
2026-07-03 13:42:41,247 [INFO] HTTP Request: POST https://api.telegram.org/bot8061605107:AAGWi0o4NaL4E_6Mnh2hkBth4tDfNNgK0qo/getUpdates "HTTP/1.1 200 OK"
2026-07-03 13:42:51,511 [INFO] HTTP Request: POST https://api.telegram.org/bot8061605107:AAGWi0o4NaL4E_6Mnh2hkBth4tDfNNgK0qo/getUpdates "HTTP/1.1 200 OK"
2026-07-03 13:43:01,717 [INFO] HTTP Request: POST https://api.telegram.org/bot8061605107:AAGWi0o4NaL4E_6Mnh2hkBth4tDfNNgK0qo/getUpdates "HTTP/1.1 200 OK"
2026-07-03 13:43:11,933 [INFO] HTTP Request: POST https://api.telegram.org/bot8061605107:AAGWi0o4NaL4E_6Mnh2hkBth4tDfNNgK0qo/getUpdates "HTTP/1.1 200 OK"
2026-07-03 13:43:22,122 [INFO] HTTP Request: POST https://api.telegram.org/bot8061605107:AAGWi0o4NaL4E_6Mnh2hkBth4tDfNNgK0qo/getUpdates "HTTP/1.1 200 OK"
2026-07-03 13:43:32,320 [INFO] HTTP Request: POST https://api.telegram.org/bot8061605107:AAGWi0o4NaL4E_6Mnh2hkBth4tDfNNgK0qo/getUpdates "HTTP/1.1 200 OK"
2026-07-03 13:43:42,509 [INFO] HTTP Request: POST https://api.telegram.org/bot8061605107:AAGWi0o4NaL4E_6Mnh2hkBth4tDfNNgK0qo/getUpdates "HTTP/1.1 200 OK"
2026-07-03 13:43:52,708 [INFO] HTTP Request: POST https://api.telegram.org/bot8061605107:AAGWi0o4NaL4E_6Mnh2hkBth4tDfNNgK0qo/getUpdates "HTTP/1.1 200 OK"
2026-07-03 13:44:02,949 [INFO] HTTP Request: POST https://api.telegram.org/bot8061605107:AAGWi0o4NaL4E_6Mnh2hkBth4tDfNNgK0qo/getUpdates "HTTP/1.1 200 OK"
2026-07-03 13:44:13,139 [INFO] HTTP Request: POST https://api.telegram.org/bot8061605107:AAGWi0o4NaL4E_6Mnh2hkBth4tDfNNgK0qo/getUpdates "HTTP/1.1 200 OK"
2026-07-03 13:44:23,399 [INFO] HTTP Request: POST https://api.telegram.org/bot8061605107:AAGWi0o4NaL4E_6Mnh2hkBth4tDfNNgK0qo/getUpdates "HTTP/1.1 200 OK"
2026-07-03 13:44:33,589 [INFO] HTTP Request: POST https://api.telegram.org/bot8061605107:AAGWi0o4NaL4E_6Mnh2hkBth4tDfNNgK0qo/getUpdates "HTTP/1.1 200 OK"
2026-07-03 13:44:43,783 [INFO] HTTP Request: POST https://api.telegram.org/bot8061605107:AAGWi0o4NaL4E_6Mnh2hkBth4tDfNNgK0qo/getUpdates "HTTP/1.1 200 OK"
2026-07-03 13:44:53,973 [INFO] HTTP Request: POST https://api.telegram.org/bot8061605107:AAGWi0o4NaL4E_6Mnh2hkBth4tDfNNgK0qo/getUpdates "HTTP/1.1 200 OK"
2026-07-03 13:45:04,173 [INFO] HTTP Request: POST https://api.telegram.org/bot8061605107:AAGWi0o4NaL4E_6Mnh2hkBth4tDfNNgK0qo/getUpdates "HTTP/1.1 200 OK"
2026-07-03 13:45:14,364 [INFO] HTTP Request: POST https://api.telegram.org/bot8061605107:AAGWi0o4NaL4E_6Mnh2hkBth4tDfNNgK0qo/getUpdates "HTTP/1.1 200 OK"
2026-07-03 13:45:24,562 [INFO] HTTP Request: POST https://api.telegram.org/bot8061605107:AAGWi0o4NaL4E_6Mnh2hkBth4tDfNNgK0qo/getUpdates "HTTP/1.1 200 OK"
2026-07-03 13:45:34,751 [INFO] HTTP Request: POST https://api.telegram.org/bot8061605107:AAGWi0o4NaL4E_6Mnh2hkBth4tDfNNgK0qo/getUpdates "HTTP/1.1 200 OK"
2026-07-03 13:45:44,942 [INFO] HTTP Request: POST https://api.telegram.org/bot8061605107:AAGWi0o4NaL4E_6Mnh2hkBth4tDfNNgK0qo/getUpdates "HTTP/1.1 200 OK"
2026-07-03 13:45:55,133 [INFO] HTTP Request: POST https://api.telegram.org/bot8061605107:AAGWi0o4NaL4E_6Mnh2hkBth4tDfNNgK0qo/getUpdates "HTTP/1.1 200 OK"
2026-07-03 13:46:05,325 [INFO] HTTP Request: POST https://api.telegram.org/bot8061605107:AAGWi0o4NaL4E_6Mnh2hkBth4tDfNNgK0qo/getUpdates "HTTP/1.1 200 OK"
2026-07-03 13:46:15,515 [INFO] HTTP Request: POST https://api.telegram.org/bot8061605107:AAGWi0o4NaL4E_6Mnh2hkBth4tDfNNgK0qo/getUpdates "HTTP/1.1 200 OK"
2026-07-03 13:46:25,705 [INFO] HTTP Request: POST https://api.telegram.org/bot8061605107:AAGWi0o4NaL4E_6Mnh2hkBth4tDfNNgK0qo/getUpdates "HTTP/1.1 200 OK"
2026-07-03 13:46:35,919 [INFO] HTTP Request: POST https://api.telegram.org/bot8061605107:AAGWi0o4NaL4E_6Mnh2hkBth4tDfNNgK0qo/getUpdates "HTTP/1.1 200 OK"
2026-07-03 13:46:46,120 [INFO] HTTP Request: POST https://api.telegram.org/bot8061605107:AAGWi0o4NaL4E_6Mnh2hkBth4tDfNNgK0qo/getUpdates "HTTP/1.1 200 OK"
2026-07-03 13:46:56,313 [INFO] HTTP Request: POST https://api.telegram.org/bot8061605107:AAGWi0o4NaL4E_6Mnh2hkBth4tDfNNgK0qo/getUpdates "HTTP/1.1 200 OK"
2026-07-03 13:47:06,503 [INFO] HTTP Request: POST https://api.telegram.org/bot8061605107:AAGWi0o4NaL4E_6Mnh2hkBth4tDfNNgK0qo/getUpdates "HTTP/1.1 200 OK"
2026-07-03 13:47:16,696 [INFO] HTTP Request: POST https://api.telegram.org/bot8061605107:AAGWi0o4NaL4E_6Mnh2hkBth4tDfNNgK0qo/getUpdates "HTTP/1.1 200 OK"
2026-07-03 13:47:26,885 [INFO] HTTP Request: POST https://api.telegram.org/bot8061605107:AAGWi0o4NaL4E_6Mnh2hkBth4tDfNNgK0qo/getUpdates "HTTP/1.1 200 OK"
2026-07-03 13:47:37,076 [INFO] HTTP Request: POST https://api.telegram.org/bot8061605107:AAGWi0o4NaL4E_6Mnh2hkBth4tDfNNgK0qo/getUpdates "HTTP/1.1 200 OK"
2026-07-03 13:47:47,276 [INFO] HTTP Request: POST https://api.telegram.org/bot8061605107:AAGWi0o4NaL4E_6Mnh2hkBth4tDfNNgK0qo/getUpdates "HTTP/1.1 200 OK"
2026-07-03 13:47:57,467 [INFO] HTTP Request: POST https://api.telegram.org/bot8061605107:AAGWi0o4NaL4E_6Mnh2hkBth4tDfNNgK0qo/getUpdates "HTTP/1.1 200 OK"
2026-07-03 13:48:07,716 [INFO] HTTP Request: POST https://api.telegram.org/bot8061605107:AAGWi0o4NaL4E_6Mnh2hkBth4tDfNNgK0qo/getUpdates "HTTP/1.1 200 OK"
2026-07-03 13:48:17,924 [INFO] HTTP Request: POST https://api.telegram.org/bot8061605107:AAGWi0o4NaL4E_6Mnh2hkBth4tDfNNgK0qo/getUpdates "HTTP/1.1 200 OK"
2026-07-03 13:48:28,114 [INFO] HTTP Request: POST https://api.telegram.org/bot8061605107:AAGWi0o4NaL4E_6Mnh2hkBth4tDfNNgK0qo/getUpdates "HTTP/1.1 200 OK"
2026-07-03 13:48:38,302 [INFO] HTTP Request: POST https://api.telegram.org/bot8061605107:AAGWi0o4NaL4E_6Mnh2hkBth4tDfNNgK0qo/getUpdates "HTTP/1.1 200 OK"
2026-07-03 13:48:48,492 [INFO] HTTP Request: POST https://api.telegram.org/bot8061605107:AAGWi0o4NaL4E_6Mnh2hkBth4tDfNNgK0qo/getUpdates "HTTP/1.1 200 OK"
2026-07-03 13:48:58,682 [INFO] HTTP Request: POST https://api.telegram.org/bot8061605107:AAGWi0o4NaL4E_6Mnh2hkBth4tDfNNgK0qo/getUpdates "HTTP/1.1 200 OK"
2026-07-03 13:49:08,874 [INFO] HTTP Request: POST https://api.telegram.org/bot8061605107:AAGWi0o4NaL4E_6Mnh2hkBth4tDfNNgK0qo/getUpdates "HTTP/1.1 200 OK"
2026-07-03 13:49:19,067 [INFO] HTTP Request: POST https://api.telegram.org/bot8061605107:AAGWi0o4NaL4E_6Mnh2hkBth4tDfNNgK0qo/getUpdates "HTTP/1.1 200 OK"
2026-07-03 13:49:29,257 [INFO] HTTP Request: POST https://api.telegram.org/bot8061605107:AAGWi0o4NaL4E_6Mnh2hkBth4tDfNNgK0qo/getUpdates "HTTP/1.1 200 OK"
2026-07-03 13:49:39,453 [INFO] HTTP Request: POST https://api.telegram.org/bot8061605107:AAGWi0o4NaL4E_6Mnh2hkBth4tDfNNgK0qo/getUpdates "HTTP/1.1 200 OK"
2026-07-03 13:49:49,656 [INFO] HTTP Request: POST https://api.telegram.org/bot8061605107:AAGWi0o4NaL4E_6Mnh2hkBth4tDfNNgK0qo/getUpdates "HTTP/1.1 200 OK"
2026-07-03 13:49:59,846 [INFO] HTTP Request: POST https://api.telegram.org/bot8061605107:AAGWi0o4NaL4E_6Mnh2hkBth4tDfNNgK0qo/getUpdates "HTTP/1.1 200 OK"
2026-07-03 13:50:10,035 [INFO] HTTP Request: POST https://api.telegram.org/bot8061605107:AAGWi0o4NaL4E_6Mnh2hkBth4tDfNNgK0qo/getUpdates "HTTP/1.1 200 OK"
2026-07-03 13:50:20,224 [INFO] HTTP Request: POST https://api.telegram.org/bot8061605107:AAGWi0o4NaL4E_6Mnh2hkBth4tDfNNgK0qo/getUpdates "HTTP/1.1 200 OK"
2026-07-03 13:50:30,434 [INFO] HTTP Request: POST https://api.telegram.org/bot8061605107:AAGWi0o4NaL4E_6Mnh2hkBth4tDfNNgK0qo/getUpdates "HTTP/1.1 200 OK"
2026-07-03 13:50:40,625 [INFO] HTTP Request: POST https://api.telegram.org/bot8061605107:AAGWi0o4NaL4E_6Mnh2hkBth4tDfNNgK0qo/getUpdates "HTTP/1.1 200 OK"
2026-07-03 13:50:50,818 [INFO] HTTP Request: POST https://api.telegram.org/bot8061605107:AAGWi0o4NaL4E_6Mnh2hkBth4tDfNNgK0qo/getUpdates "HTTP/1.1 200 OK"
2026-07-03 13:51:01,045 [INFO] HTTP Request: POST https://api.telegram.org/bot8061605107:AAGWi0o4NaL4E_6Mnh2hkBth4tDfNNgK0qo/getUpdates "HTTP/1.1 200 OK"
2026-07-03 13:51:11,239 [INFO] HTTP Request: POST https://api.telegram.org/bot8061605107:AAGWi0o4NaL4E_6Mnh2hkBth4tDfNNgK0qo/getUpdates "HTTP/1.1 200 OK"
2026-07-03 13:51:21,430 [INFO] HTTP Request: POST https://api.telegram.org/bot8061605107:AAGWi0o4NaL4E_6Mnh2hkBth4tDfNNgK0qo/getUpdates "HTTP/1.1 200 OK"
2026-07-03 13:51:31,630 [INFO] HTTP Request: POST https://api.telegram.org/bot8061605107:AAGWi0o4NaL4E_6Mnh2hkBth4tDfNNgK0qo/getUpdates "HTTP/1.1 200 OK"
2026-07-03 13:51:41,873 [INFO] HTTP Request: POST https://api.telegram.org/bot8061605107:AAGWi0o4NaL4E_6Mnh2hkBth4tDfNNgK0qo/getUpdates "HTTP/1.1 200 OK"
2026-07-03 13:51:52,090 [INFO] HTTP Request: POST https://api.telegram.org/bot8061605107:AAGWi0o4NaL4E_6Mnh2hkBth4tDfNNgK0qo/getUpdates "HTTP/1.1 200 OK"
2026-07-03 13:52:02,337 [INFO] HTTP Request: POST https://api.telegram.org/bot8061605107:AAGWi0o4NaL4E_6Mnh2hkBth4tDfNNgK0qo/getUpdates "HTTP/1.1 200 OK"
2026-07-03 13:52:12,527 [INFO] HTTP Request: POST https://api.telegram.org/bot8061605107:AAGWi0o4NaL4E_6Mnh2hkBth4tDfNNgK0qo/getUpdates "HTTP/1.1 200 OK"
2026-07-03 13:52:22,735 [INFO] HTTP Request: POST https://api.telegram.org/bot8061605107:AAGWi0o4NaL4E_6Mnh2hkBth4tDfNNgK0qo/getUpdates "HTTP/1.1 200 OK"
2026-07-03 13:52:32,930 [INFO] HTTP Request: POST https://api.telegram.org/bot8061605107:AAGWi0o4NaL4E_6Mnh2hkBth4tDfNNgK0qo/getUpdates "HTTP/1.1 200 OK"
2026-07-03 13:52:43,127 [INFO] HTTP Request: POST https://api.telegram.org/bot8061605107:AAGWi0o4NaL4E_6Mnh2hkBth4tDfNNgK0qo/getUpdates "HTTP/1.1 200 OK"
2026-07-03 13:52:53,319 [INFO] HTTP Request: POST https://api.telegram.org/bot8061605107:AAGWi0o4NaL4E_6Mnh2hkBth4tDfNNgK0qo/getUpdates "HTTP/1.1 200 OK"
2026-07-03 13:53:03,509 [INFO] HTTP Request: POST https://api.telegram.org/bot8061605107:AAGWi0o4NaL4E_6Mnh2hkBth4tDfNNgK0qo/getUpdates "HTTP/1.1 200 OK"
2026-07-03 13:53:13,744 [INFO] HTTP Request: POST https://api.telegram.org/bot8061605107:AAGWi0o4NaL4E_6Mnh2hkBth4tDfNNgK0qo/getUpdates "HTTP/1.1 200 OK"
2026-07-03 13:53:23,933 [INFO] HTTP Request: POST https://api.telegram.org/bot8061605107:AAGWi0o4NaL4E_6Mnh2hkBth4tDfNNgK0qo/getUpdates "HTTP/1.1 200 OK"
2026-07-03 13:53:34,123 [INFO] HTTP Request: POST https://api.telegram.org/bot8061605107:AAGWi0o4NaL4E_6Mnh2hkBth4tDfNNgK0qo/getUpdates "HTTP/1.1 200 OK"
2026-07-03 13:53:44,320 [INFO] HTTP Request: POST https://api.telegram.org/bot8061605107:AAGWi0o4NaL4E_6Mnh2hkBth4tDfNNgK0qo/getUpdates "HTTP/1.1 200 OK"
2026-07-03 13:53:54,511 [INFO] HTTP Request: POST https://api.telegram.org/bot8061605107:AAGWi0o4NaL4E_6Mnh2hkBth4tDfNNgK0qo/getUpdates "HTTP/1.1 200 OK"
2026-07-03 13:54:04,706 [INFO] HTTP Request: POST https://api.telegram.org/bot8061605107:AAGWi0o4NaL4E_6Mnh2hkBth4tDfNNgK0qo/getUpdates "HTTP/1.1 200 OK"
2026-07-03 13:54:14,941 [INFO] HTTP Request: POST https://api.telegram.org/bot8061605107:AAGWi0o4NaL4E_6Mnh2hkBth4tDfNNgK0qo/getUpdates "HTTP/1.1 200 OK"
2026-07-03 13:54:25,142 [INFO] HTTP Request: POST https://api.telegram.org/bot8061605107:AAGWi0o4NaL4E_6Mnh2hkBth4tDfNNgK0qo/getUpdates "HTTP/1.1 200 OK"
2026-07-03 13:54:35,336 [INFO] HTTP Request: POST https://api.telegram.org/bot8061605107:AAGWi0o4NaL4E_6Mnh2hkBth4tDfNNgK0qo/getUpdates "HTTP/1.1 200 OK"
2026-07-03 13:54:45,532 [INFO] HTTP Request: POST https://api.telegram.org/bot8061605107:AAGWi0o4NaL4E_6Mnh2hkBth4tDfNNgK0qo/getUpdates "HTTP/1.1 200 OK"
2026-07-03 13:54:55,724 [INFO] HTTP Request: POST https://api.telegram.org/bot8061605107:AAGWi0o4NaL4E_6Mnh2hkBth4tDfNNgK0qo/getUpdates "HTTP/1.1 200 OK"
2026-07-03 13:55:05,915 [INFO] HTTP Request: POST https://api.telegram.org/bot8061605107:AAGWi0o4NaL4E_6Mnh2hkBth4tDfNNgK0qo/getUpdates "HTTP/1.1 200 OK"
2026-07-03 13:55:16,105 [INFO] HTTP Request: POST https://api.telegram.org/bot8061605107:AAGWi0o4NaL4E_6Mnh2hkBth4tDfNNgK0qo/getUpdates "HTTP/1.1 200 OK"
2026-07-03 13:55:26,339 [INFO] HTTP Request: POST https://api.telegram.org/bot8061605107:AAGWi0o4NaL4E_6Mnh2hkBth4tDfNNgK0qo/getUpdates "HTTP/1.1 200 OK"
2026-07-03 13:55:36,547 [INFO] HTTP Request: POST https://api.telegram.org/bot8061605107:AAGWi0o4NaL4E_6Mnh2hkBth4tDfNNgK0qo/getUpdates "HTTP/1.1 200 OK"
2026-07-03 13:55:46,737 [INFO] HTTP Request: POST https://api.telegram.org/bot8061605107:AAGWi0o4NaL4E_6Mnh2hkBth4tDfNNgK0qo/getUpdates "HTTP/1.1 200 OK"
2026-07-03 13:55:56,929 [INFO] HTTP Request: POST https://api.telegram.org/bot8061605107:AAGWi0o4NaL4E_6Mnh2hkBth4tDfNNgK0qo/getUpdates "HTTP/1.1 200 OK"
2026-07-03 13:56:07,138 [INFO] HTTP Request: POST https://api.telegram.org/bot8061605107:AAGWi0o4NaL4E_6Mnh2hkBth4tDfNNgK0qo/getUpdates "HTTP/1.1 200 OK"
2026-07-03 13:56:17,330 [INFO] HTTP Request: POST https://api.telegram.org/bot8061605107:AAGWi0o4NaL4E_6Mnh2hkBth4tDfNNgK0qo/getUpdates "HTTP/1.1 200 OK"
2026-07-03 13:56:27,546 [INFO] HTTP Request: POST https://api.telegram.org/bot8061605107:AAGWi0o4NaL4E_6Mnh2hkBth4tDfNNgK0qo/getUpdates "HTTP/1.1 200 OK"
2026-07-03 13:56:37,741 [INFO] HTTP Request: POST https://api.telegram.org/bot8061605107:AAGWi0o4NaL4E_6Mnh2hkBth4tDfNNgK0qo/getUpdates "HTTP/1.1 200 OK"
2026-07-03 13:56:47,932 [INFO] HTTP Request: POST https://api.telegram.org/bot8061605107:AAGWi0o4NaL4E_6Mnh2hkBth4tDfNNgK0qo/getUpdates "HTTP/1.1 200 OK"
2026-07-03 13:56:58,122 [INFO] HTTP Request: POST https://api.telegram.org/bot8061605107:AAGWi0o4NaL4E_6Mnh2hkBth4tDfNNgK0qo/getUpdates "HTTP/1.1 200 OK"
2026-07-03 13:57:08,366 [INFO] HTTP Request: POST https://api.telegram.org/bot8061605107:AAGWi0o4NaL4E_6Mnh2hkBth4tDfNNgK0qo/getUpdates "HTTP/1.1 200 OK"
2026-07-03 13:57:18,558 [INFO] HTTP Request: POST https://api.telegram.org/bot8061605107:AAGWi0o4NaL4E_6Mnh2hkBth4tDfNNgK0qo/getUpdates "HTTP/1.1 200 OK"
2026-07-03 13:57:28,749 [INFO] HTTP Request: POST https://api.telegram.org/bot8061605107:AAGWi0o4NaL4E_6Mnh2hkBth4tDfNNgK0qo/getUpdates "HTTP/1.1 200 OK"
2026-07-03 13:57:38,947 [INFO] HTTP Request: POST https://api.telegram.org/bot8061605107:AAGWi0o4NaL4E_6Mnh2hkBth4tDfNNgK0qo/getUpdates "HTTP/1.1 200 OK"
2026-07-03 13:57:49,136 [INFO] HTTP Request: POST https://api.telegram.org/bot8061605107:AAGWi0o4NaL4E_6Mnh2hkBth4tDfNNgK0qo/getUpdates "HTTP/1.1 200 OK"
2026-07-03 13:57:59,331 [INFO] HTTP Request: POST https://api.telegram.org/bot8061605107:AAGWi0o4NaL4E_6Mnh2hkBth4tDfNNgK0qo/getUpdates "HTTP/1.1 200 OK"
2026-07-03 13:58:09,548 [INFO] HTTP Request: POST https://api.telegram.org/bot8061605107:AAGWi0o4NaL4E_6Mnh2hkBth4tDfNNgK0qo/getUpdates "HTTP/1.1 200 OK"
2026-07-03 13:58:19,738 [INFO] HTTP Request: POST https://api.telegram.org/bot8061605107:AAGWi0o4NaL4E_6Mnh2hkBth4tDfNNgK0qo/getUpdates "HTTP/1.1 200 OK"
2026-07-03 13:58:29,933 [INFO] HTTP Request: POST https://api.telegram.org/bot8061605107:AAGWi0o4NaL4E_6Mnh2hkBth4tDfNNgK0qo/getUpdates "HTTP/1.1 200 OK"
2026-07-03 13:58:40,136 [INFO] HTTP Request: POST https://api.telegram.org/bot8061605107:AAGWi0o4NaL4E_6Mnh2hkBth4tDfNNgK0qo/getUpdates "HTTP/1.1 200 OK"
2026-07-03 13:58:50,334 [INFO] HTTP Request: POST https://api.telegram.org/bot8061605107:AAGWi0o4NaL4E_6Mnh2hkBth4tDfNNgK0qo/getUpdates "HTTP/1.1 200 OK"
2026-07-03 13:59:00,601 [INFO] HTTP Request: POST https://api.telegram.org/bot8061605107:AAGWi0o4NaL4E_6Mnh2hkBth4tDfNNgK0qo/getUpdates "HTTP/1.1 200 OK"
2026-07-03 13:59:10,794 [INFO] HTTP Request: POST https://api.telegram.org/bot8061605107:AAGWi0o4NaL4E_6Mnh2hkBth4tDfNNgK0qo/getUpdates "HTTP/1.1 200 OK"
2026-07-03 13:59:21,028 [INFO] HTTP Request: POST https://api.telegram.org/bot8061605107:AAGWi0o4NaL4E_6Mnh2hkBth4tDfNNgK0qo/getUpdates "HTTP/1.1 200 OK"
2026-07-03 13:59:31,219 [INFO] HTTP Request: POST https://api.telegram.org/bot8061605107:AAGWi0o4NaL4E_6Mnh2hkBth4tDfNNgK0qo/getUpdates "HTTP/1.1 200 OK"
2026-07-03 13:59:41,415 [INFO] HTTP Request: POST https://api.telegram.org/bot8061605107:AAGWi0o4NaL4E_6Mnh2hkBth4tDfNNgK0qo/getUpdates "HTTP/1.1 200 OK"
2026-07-03 13:59:51,607 [INFO] HTTP Request: POST https://api.telegram.org/bot8061605107:AAGWi0o4NaL4E_6Mnh2hkBth4tDfNNgK0qo/getUpdates "HTTP/1.1 200 OK"
2026-07-03 14:00:01,798 [INFO] HTTP Request: POST https://api.telegram.org/bot8061605107:AAGWi0o4NaL4E_6Mnh2hkBth4tDfNNgK0qo/getUpdates "HTTP/1.1 200 OK"
2026-07-03 14:00:12,000 [INFO] HTTP Request: POST https://api.telegram.org/bot8061605107:AAGWi0o4NaL4E_6Mnh2hkBth4tDfNNgK0qo/getUpdates "HTTP/1.1 200 OK"
2026-07-03 14:00:22,249 [INFO] HTTP Request: POST https://api.telegram.org/bot8061605107:AAGWi0o4NaL4E_6Mnh2hkBth4tDfNNgK0qo/getUpdates "HTTP/1.1 200 OK"
2026-07-03 14:00:32,450 [INFO] HTTP Request: POST https://api.telegram.org/bot8061605107:AAGWi0o4NaL4E_6Mnh2hkBth4tDfNNgK0qo/getUpdates "HTTP/1.1 200 OK"
2026-07-03 14:00:42,367 [INFO] HTTP Request: POST https://api.telegram.org/bot8061605107:AAGWi0o4NaL4E_6Mnh2hkBth4tDfNNgK0qo/sendMessage "HTTP/1.1 200 OK"
2026-07-03 14:00:42,383 [INFO] Fib alert: XAUUSD BUY zone @ 4170.93 (fib 13%) [69be00d4]
2026-07-03 14:00:42,639 [INFO] HTTP Request: POST https://api.telegram.org/bot8061605107:AAGWi0o4NaL4E_6Mnh2hkBth4tDfNNgK0qo/getUpdates "HTTP/1.1 200 OK"
2026-07-03 14:00:52,891 [INFO] HTTP Request: POST https://api.telegram.org/bot8061605107:AAGWi0o4NaL4E_6Mnh2hkBth4tDfNNgK0qo/getUpdates "HTTP/1.1 200 OK"
2026-07-03 14:01:03,084 [INFO] HTTP Request: POST https://api.telegram.org/bot8061605107:AAGWi0o4NaL4E_6Mnh2hkBth4tDfNNgK0qo/getUpdates "HTTP/1.1 200 OK"
2026-07-03 14:01:13,275 [INFO] HTTP Request: POST https://api.telegram.org/bot8061605107:AAGWi0o4NaL4E_6Mnh2hkBth4tDfNNgK0qo/getUpdates "HTTP/1.1 200 OK"
2026-07-03 14:01:23,499 [INFO] HTTP Request: POST https://api.telegram.org/bot8061605107:AAGWi0o4NaL4E_6Mnh2hkBth4tDfNNgK0qo/getUpdates "HTTP/1.1 200 OK"
2026-07-03 14:01:33,689 [INFO] HTTP Request: POST https://api.telegram.org/bot8061605107:AAGWi0o4NaL4E_6Mnh2hkBth4tDfNNgK0qo/getUpdates "HTTP/1.1 200 OK"
2026-07-03 14:01:43,880 [INFO] HTTP Request: POST https://api.telegram.org/bot8061605107:AAGWi0o4NaL4E_6Mnh2hkBth4tDfNNgK0qo/getUpdates "HTTP/1.1 200 OK"
2026-07-03 14:01:54,073 [INFO] HTTP Request: POST https://api.telegram.org/bot8061605107:AAGWi0o4NaL4E_6Mnh2hkBth4tDfNNgK0qo/getUpdates "HTTP/1.1 200 OK"
2026-07-03 14:02:04,262 [INFO] HTTP Request: POST https://api.telegram.org/bot8061605107:AAGWi0o4NaL4E_6Mnh2hkBth4tDfNNgK0qo/getUpdates "HTTP/1.1 200 OK"
2026-07-03 14:02:14,471 [INFO] HTTP Request: POST https://api.telegram.org/bot8061605107:AAGWi0o4NaL4E_6Mnh2hkBth4tDfNNgK0qo/getUpdates "HTTP/1.1 200 OK"
2026-07-03 14:02:24,661 [INFO] HTTP Request: POST https://api.telegram.org/bot8061605107:AAGWi0o4NaL4E_6Mnh2hkBth4tDfNNgK0qo/getUpdates "HTTP/1.1 200 OK"
2026-07-03 14:02:34,853 [INFO] HTTP Request: POST https://api.telegram.org/bot8061605107:AAGWi0o4NaL4E_6Mnh2hkBth4tDfNNgK0qo/getUpdates "HTTP/1.1 200 OK"
2026-07-03 14:02:45,048 [INFO] HTTP Request: POST https://api.telegram.org/bot8061605107:AAGWi0o4NaL4E_6Mnh2hkBth4tDfNNgK0qo/getUpdates "HTTP/1.1 200 OK"
2026-07-03 14:02:55,243 [INFO] HTTP Request: POST https://api.telegram.org/bot8061605107:AAGWi0o4NaL4E_6Mnh2hkBth4tDfNNgK0qo/getUpdates "HTTP/1.1 200 OK"
2026-07-03 14:03:05,436 [INFO] HTTP Request: POST https://api.telegram.org/bot8061605107:AAGWi0o4NaL4E_6Mnh2hkBth4tDfNNgK0qo/getUpdates "HTTP/1.1 200 OK"
2026-07-03 14:03:15,627 [INFO] HTTP Request: POST https://api.telegram.org/bot8061605107:AAGWi0o4NaL4E_6Mnh2hkBth4tDfNNgK0qo/getUpdates "HTTP/1.1 200 OK"
2026-07-03 14:03:25,817 [INFO] HTTP Request: POST https://api.telegram.org/bot8061605107:AAGWi0o4NaL4E_6Mnh2hkBth4tDfNNgK0qo/getUpdates "HTTP/1.1 200 OK"
2026-07-03 14:03:36,008 [INFO] HTTP Request: POST https://api.telegram.org/bot8061605107:AAGWi0o4NaL4E_6Mnh2hkBth4tDfNNgK0qo/getUpdates "HTTP/1.1 200 OK"
2026-07-03 14:03:46,198 [INFO] HTTP Request: POST https://api.telegram.org/bot8061605107:AAGWi0o4NaL4E_6Mnh2hkBth4tDfNNgK0qo/getUpdates "HTTP/1.1 200 OK"
2026-07-03 14:03:56,387 [INFO] HTTP Request: POST https://api.telegram.org/bot8061605107:AAGWi0o4NaL4E_6Mnh2hkBth4tDfNNgK0qo/getUpdates "HTTP/1.1 200 OK"
2026-07-03 14:04:06,577 [INFO] HTTP Request: POST https://api.telegram.org/bot8061605107:AAGWi0o4NaL4E_6Mnh2hkBth4tDfNNgK0qo/getUpdates "HTTP/1.1 200 OK"
2026-07-03 14:04:16,768 [INFO] HTTP Request: POST https://api.telegram.org/bot8061605107:AAGWi0o4NaL4E_6Mnh2hkBth4tDfNNgK0qo/getUpdates "HTTP/1.1 200 OK"
2026-07-03 14:04:26,972 [INFO] HTTP Request: POST https://api.telegram.org/bot8061605107:AAGWi0o4NaL4E_6Mnh2hkBth4tDfNNgK0qo/getUpdates "HTTP/1.1 200 OK"
2026-07-03 14:04:37,164 [INFO] HTTP Request: POST https://api.telegram.org/bot8061605107:AAGWi0o4NaL4E_6Mnh2hkBth4tDfNNgK0qo/getUpdates "HTTP/1.1 200 OK"
2026-07-03 14:04:47,378 [INFO] HTTP Request: POST https://api.telegram.org/bot8061605107:AAGWi0o4NaL4E_6Mnh2hkBth4tDfNNgK0qo/getUpdates "HTTP/1.1 200 OK"
2026-07-03 14:04:57,571 [INFO] HTTP Request: POST https://api.telegram.org/bot8061605107:AAGWi0o4NaL4E_6Mnh2hkBth4tDfNNgK0qo/getUpdates "HTTP/1.1 200 OK"
2026-07-03 14:05:07,804 [INFO] HTTP Request: POST https://api.telegram.org/bot8061605107:AAGWi0o4NaL4E_6Mnh2hkBth4tDfNNgK0qo/getUpdates "HTTP/1.1 200 OK"
2026-07-03 14:05:17,996 [INFO] HTTP Request: POST https://api.telegram.org/bot8061605107:AAGWi0o4NaL4E_6Mnh2hkBth4tDfNNgK0qo/getUpdates "HTTP/1.1 200 OK"
2026-07-03 14:05:28,193 [INFO] HTTP Request: POST https://api.telegram.org/bot8061605107:AAGWi0o4NaL4E_6Mnh2hkBth4tDfNNgK0qo/getUpdates "HTTP/1.1 200 OK"
2026-07-03 14:05:38,412 [INFO] HTTP Request: POST https://api.telegram.org/bot8061605107:AAGWi0o4NaL4E_6Mnh2hkBth4tDfNNgK0qo/getUpdates "HTTP/1.1 200 OK"
2026-07-03 14:05:48,611 [INFO] HTTP Request: POST https://api.telegram.org/bot8061605107:AAGWi0o4NaL4E_6Mnh2hkBth4tDfNNgK0qo/getUpdates "HTTP/1.1 200 OK"
2026-07-03 14:05:58,805 [INFO] HTTP Request: POST https://api.telegram.org/bot8061605107:AAGWi0o4NaL4E_6Mnh2hkBth4tDfNNgK0qo/getUpdates "HTTP/1.1 200 OK"
2026-07-03 14:06:08,994 [INFO] HTTP Request: POST https://api.telegram.org/bot8061605107:AAGWi0o4NaL4E_6Mnh2hkBth4tDfNNgK0qo/getUpdates "HTTP/1.1 200 OK"
2026-07-03 14:06:19,184 [INFO] HTTP Request: POST https://api.telegram.org/bot8061605107:AAGWi0o4NaL4E_6Mnh2hkBth4tDfNNgK0qo/getUpdates "HTTP/1.1 200 OK"
2026-07-03 14:06:29,375 [INFO] HTTP Request: POST https://api.telegram.org/bot8061605107:AAGWi0o4NaL4E_6Mnh2hkBth4tDfNNgK0qo/getUpdates "HTTP/1.1 200 OK"
2026-07-03 14:06:39,566 [INFO] HTTP Request: POST https://api.telegram.org/bot8061605107:AAGWi0o4NaL4E_6Mnh2hkBth4tDfNNgK0qo/getUpdates "HTTP/1.1 200 OK"
2026-07-03 14:06:49,756 [INFO] HTTP Request: POST https://api.telegram.org/bot8061605107:AAGWi0o4NaL4E_6Mnh2hkBth4tDfNNgK0qo/getUpdates "HTTP/1.1 200 OK"
2026-07-03 14:06:59,946 [INFO] HTTP Request: POST https://api.telegram.org/bot8061605107:AAGWi0o4NaL4E_6Mnh2hkBth4tDfNNgK0qo/getUpdates "HTTP/1.1 200 OK"
2026-07-03 14:07:10,237 [INFO] HTTP Request: POST https://api.telegram.org/bot8061605107:AAGWi0o4NaL4E_6Mnh2hkBth4tDfNNgK0qo/getUpdates "HTTP/1.1 200 OK"
2026-07-03 14:07:20,429 [INFO] HTTP Request: POST https://api.telegram.org/bot8061605107:AAGWi0o4NaL4E_6Mnh2hkBth4tDfNNgK0qo/getUpdates "HTTP/1.1 200 OK"
2026-07-03 14:07:30,624 [INFO] HTTP Request: POST https://api.telegram.org/bot8061605107:AAGWi0o4NaL4E_6Mnh2hkBth4tDfNNgK0qo/getUpdates "HTTP/1.1 200 OK"
2026-07-03 14:07:40,815 [INFO] HTTP Request: POST https://api.telegram.org/bot8061605107:AAGWi0o4NaL4E_6Mnh2hkBth4tDfNNgK0qo/getUpdates "HTTP/1.1 200 OK"
2026-07-03 14:07:51,033 [INFO] HTTP Request: POST https://api.telegram.org/bot8061605107:AAGWi0o4NaL4E_6Mnh2hkBth4tDfNNgK0qo/getUpdates "HTTP/1.1 200 OK"
2026-07-03 14:08:01,226 [INFO] HTTP Request: POST https://api.telegram.org/bot8061605107:AAGWi0o4NaL4E_6Mnh2hkBth4tDfNNgK0qo/getUpdates "HTTP/1.1 200 OK"
2026-07-03 14:08:11,416 [INFO] HTTP Request: POST https://api.telegram.org/bot8061605107:AAGWi0o4NaL4E_6Mnh2hkBth4tDfNNgK0qo/getUpdates "HTTP/1.1 200 OK"
2026-07-03 14:08:21,610 [INFO] HTTP Request: POST https://api.telegram.org/bot8061605107:AAGWi0o4NaL4E_6Mnh2hkBth4tDfNNgK0qo/getUpdates "HTTP/1.1 200 OK"
2026-07-03 14:08:31,801 [INFO] HTTP Request: POST https://api.telegram.org/bot8061605107:AAGWi0o4NaL4E_6Mnh2hkBth4tDfNNgK0qo/getUpdates "HTTP/1.1 200 OK"
2026-07-03 14:08:41,991 [INFO] HTTP Request: POST https://api.telegram.org/bot8061605107:AAGWi0o4NaL4E_6Mnh2hkBth4tDfNNgK0qo/getUpdates "HTTP/1.1 200 OK"
2026-07-03 14:08:52,201 [INFO] HTTP Request: POST https://api.telegram.org/bot8061605107:AAGWi0o4NaL4E_6Mnh2hkBth4tDfNNgK0qo/getUpdates "HTTP/1.1 200 OK"
2026-07-03 14:09:02,395 [INFO] HTTP Request: POST https://api.telegram.org/bot8061605107:AAGWi0o4NaL4E_6Mnh2hkBth4tDfNNgK0qo/getUpdates "HTTP/1.1 200 OK"
2026-07-03 14:09:12,589 [INFO] HTTP Request: POST https://api.telegram.org/bot8061605107:AAGWi0o4NaL4E_6Mnh2hkBth4tDfNNgK0qo/getUpdates "HTTP/1.1 200 OK"
2026-07-03 14:09:22,783 [INFO] HTTP Request: POST https://api.telegram.org/bot8061605107:AAGWi0o4NaL4E_6Mnh2hkBth4tDfNNgK0qo/getUpdates "HTTP/1.1 200 OK"
2026-07-03 14:09:32,975 [INFO] HTTP Request: POST https://api.telegram.org/bot8061605107:AAGWi0o4NaL4E_6Mnh2hkBth4tDfNNgK0qo/getUpdates "HTTP/1.1 200 OK"
2026-07-03 14:09:43,197 [INFO] HTTP Request: POST https://api.telegram.org/bot8061605107:AAGWi0o4NaL4E_6Mnh2hkBth4tDfNNgK0qo/getUpdates "HTTP/1.1 200 OK"
2026-07-03 14:09:53,389 [INFO] HTTP Request: POST https://api.telegram.org/bot8061605107:AAGWi0o4NaL4E_6Mnh2hkBth4tDfNNgK0qo/getUpdates "HTTP/1.1 200 OK"
2026-07-03 14:10:03,581 [INFO] HTTP Request: POST https://api.telegram.org/bot8061605107:AAGWi0o4NaL4E_6Mnh2hkBth4tDfNNgK0qo/getUpdates "HTTP/1.1 200 OK"
2026-07-03 14:10:13,770 [INFO] HTTP Request: POST https://api.telegram.org/bot8061605107:AAGWi0o4NaL4E_6Mnh2hkBth4tDfNNgK0qo/getUpdates "HTTP/1.1 200 OK"
2026-07-03 14:10:23,959 [INFO] HTTP Request: POST https://api.telegram.org/bot8061605107:AAGWi0o4NaL4E_6Mnh2hkBth4tDfNNgK0qo/getUpdates "HTTP/1.1 200 OK"
2026-07-03 14:10:34,155 [INFO] HTTP Request: POST https://api.telegram.org/bot8061605107:AAGWi0o4NaL4E_6Mnh2hkBth4tDfNNgK0qo/getUpdates "HTTP/1.1 200 OK"
2026-07-03 14:10:44,350 [INFO] HTTP Request: POST https://api.telegram.org/bot8061605107:AAGWi0o4NaL4E_6Mnh2hkBth4tDfNNgK0qo/getUpdates "HTTP/1.1 200 OK"
2026-07-03 14:10:54,576 [INFO] HTTP Request: POST https://api.telegram.org/bot8061605107:AAGWi0o4NaL4E_6Mnh2hkBth4tDfNNgK0qo/getUpdates "HTTP/1.1 200 OK"
2026-07-03 14:11:04,769 [INFO] HTTP Request: POST https://api.telegram.org/bot8061605107:AAGWi0o4NaL4E_6Mnh2hkBth4tDfNNgK0qo/getUpdates "HTTP/1.1 200 OK"
2026-07-03 14:11:14,958 [INFO] HTTP Request: POST https://api.telegram.org/bot8061605107:AAGWi0o4NaL4E_6Mnh2hkBth4tDfNNgK0qo/getUpdates "HTTP/1.1 200 OK"
2026-07-03 14:11:25,181 [INFO] HTTP Request: POST https://api.telegram.org/bot8061605107:AAGWi0o4NaL4E_6Mnh2hkBth4tDfNNgK0qo/getUpdates "HTTP/1.1 200 OK"
2026-07-03 14:11:35,374 [INFO] HTTP Request: POST https://api.telegram.org/bot8061605107:AAGWi0o4NaL4E_6Mnh2hkBth4tDfNNgK0qo/getUpdates "HTTP/1.1 200 OK"
2026-07-03 14:11:45,569 [INFO] HTTP Request: POST https://api.telegram.org/bot8061605107:AAGWi0o4NaL4E_6Mnh2hkBth4tDfNNgK0qo/getUpdates "HTTP/1.1 200 OK"
2026-07-03 14:11:55,762 [INFO] HTTP Request: POST https://api.telegram.org/bot8061605107:AAGWi0o4NaL4E_6Mnh2hkBth4tDfNNgK0qo/getUpdates "HTTP/1.1 200 OK"
2026-07-03 14:12:05,966 [INFO] HTTP Request: POST https://api.telegram.org/bot8061605107:AAGWi0o4NaL4E_6Mnh2hkBth4tDfNNgK0qo/getUpdates "HTTP/1.1 200 OK"
2026-07-03 14:12:16,183 [INFO] HTTP Request: POST https://api.telegram.org/bot8061605107:AAGWi0o4NaL4E_6Mnh2hkBth4tDfNNgK0qo/getUpdates "HTTP/1.1 200 OK"
2026-07-03 14:12:26,394 [INFO] HTTP Request: POST https://api.telegram.org/bot8061605107:AAGWi0o4NaL4E_6Mnh2hkBth4tDfNNgK0qo/getUpdates "HTTP/1.1 200 OK"
2026-07-03 14:12:36,587 [INFO] HTTP Request: POST https://api.telegram.org/bot8061605107:AAGWi0o4NaL4E_6Mnh2hkBth4tDfNNgK0qo/getUpdates "HTTP/1.1 200 OK"
2026-07-03 14:12:46,776 [INFO] HTTP Request: POST https://api.telegram.org/bot8061605107:AAGWi0o4NaL4E_6Mnh2hkBth4tDfNNgK0qo/getUpdates "HTTP/1.1 200 OK"
2026-07-03 14:12:56,969 [INFO] HTTP Request: POST https://api.telegram.org/bot8061605107:AAGWi0o4NaL4E_6Mnh2hkBth4tDfNNgK0qo/getUpdates "HTTP/1.1 200 OK"
2026-07-03 14:13:07,161 [INFO] HTTP Request: POST https://api.telegram.org/bot8061605107:AAGWi0o4NaL4E_6Mnh2hkBth4tDfNNgK0qo/getUpdates "HTTP/1.1 200 OK"
2026-07-03 14:13:17,353 [INFO] HTTP Request: POST https://api.telegram.org/bot8061605107:AAGWi0o4NaL4E_6Mnh2hkBth4tDfNNgK0qo/getUpdates "HTTP/1.1 200 OK"
2026-07-03 14:13:27,550 [INFO] HTTP Request: POST https://api.telegram.org/bot8061605107:AAGWi0o4NaL4E_6Mnh2hkBth4tDfNNgK0qo/getUpdates "HTTP/1.1 200 OK"
2026-07-03 14:13:37,757 [INFO] HTTP Request: POST https://api.telegram.org/bot8061605107:AAGWi0o4NaL4E_6Mnh2hkBth4tDfNNgK0qo/getUpdates "HTTP/1.1 200 OK"
2026-07-03 14:13:47,972 [INFO] HTTP Request: POST https://api.telegram.org/bot8061605107:AAGWi0o4NaL4E_6Mnh2hkBth4tDfNNgK0qo/getUpdates "HTTP/1.1 200 OK"
2026-07-03 14:13:58,167 [INFO] HTTP Request: POST https://api.telegram.org/bot8061605107:AAGWi0o4NaL4E_6Mnh2hkBth4tDfNNgK0qo/getUpdates "HTTP/1.1 200 OK"
2026-07-03 14:14:08,357 [INFO] HTTP Request: POST https://api.telegram.org/bot8061605107:AAGWi0o4NaL4E_6Mnh2hkBth4tDfNNgK0qo/getUpdates "HTTP/1.1 200 OK"
2026-07-03 14:14:18,547 [INFO] HTTP Request: POST https://api.telegram.org/bot8061605107:AAGWi0o4NaL4E_6Mnh2hkBth4tDfNNgK0qo/getUpdates "HTTP/1.1 200 OK"
2026-07-03 14:14:28,791 [INFO] HTTP Request: POST https://api.telegram.org/bot8061605107:AAGWi0o4NaL4E_6Mnh2hkBth4tDfNNgK0qo/getUpdates "HTTP/1.1 200 OK"
2026-07-03 14:14:38,994 [INFO] HTTP Request: POST https://api.telegram.org/bot8061605107:AAGWi0o4NaL4E_6Mnh2hkBth4tDfNNgK0qo/getUpdates "HTTP/1.1 200 OK"
2026-07-03 14:14:49,185 [INFO] HTTP Request: POST https://api.telegram.org/bot8061605107:AAGWi0o4NaL4E_6Mnh2hkBth4tDfNNgK0qo/getUpdates "HTTP/1.1 200 OK"
2026-07-03 14:14:59,380 [INFO] HTTP Request: POST https://api.telegram.org/bot8061605107:AAGWi0o4NaL4E_6Mnh2hkBth4tDfNNgK0qo/getUpdates "HTTP/1.1 200 OK"
2026-07-03 14:15:09,582 [INFO] HTTP Request: POST https://api.telegram.org/bot8061605107:AAGWi0o4NaL4E_6Mnh2hkBth4tDfNNgK0qo/getUpdates "HTTP/1.1 200 OK"
2026-07-03 14:15:19,778 [INFO] HTTP Request: POST https://api.telegram.org/bot8061605107:AAGWi0o4NaL4E_6Mnh2hkBth4tDfNNgK0qo/getUpdates "HTTP/1.1 200 OK"
2026-07-03 14:15:29,973 [INFO] HTTP Request: POST https://api.telegram.org/bot8061605107:AAGWi0o4NaL4E_6Mnh2hkBth4tDfNNgK0qo/getUpdates "HTTP/1.1 200 OK"
2026-07-03 14:15:40,163 [INFO] HTTP Request: POST https://api.telegram.org/bot8061605107:AAGWi0o4NaL4E_6Mnh2hkBth4tDfNNgK0qo/getUpdates "HTTP/1.1 200 OK"
2026-07-03 14:15:50,354 [INFO] HTTP Request: POST https://api.telegram.org/bot8061605107:AAGWi0o4NaL4E_6Mnh2hkBth4tDfNNgK0qo/getUpdates "HTTP/1.1 200 OK"
2026-07-03 14:16:00,915 [INFO] HTTP Request: POST https://api.telegram.org/bot8061605107:AAGWi0o4NaL4E_6Mnh2hkBth4tDfNNgK0qo/getUpdates "HTTP/1.1 200 OK"
2026-07-03 14:16:11,098 [INFO] HTTP Request: POST https://api.telegram.org/bot8061605107:AAGWi0o4NaL4E_6Mnh2hkBth4tDfNNgK0qo/getUpdates "HTTP/1.1 200 OK"
2026-07-03 14:16:21,286 [INFO] HTTP Request: POST https://api.telegram.org/bot8061605107:AAGWi0o4NaL4E_6Mnh2hkBth4tDfNNgK0qo/getUpdates "HTTP/1.1 200 OK"
2026-07-03 14:16:31,470 [INFO] HTTP Request: POST https://api.telegram.org/bot8061605107:AAGWi0o4NaL4E_6Mnh2hkBth4tDfNNgK0qo/getUpdates "HTTP/1.1 200 OK"
2026-07-03 14:16:41,678 [INFO] HTTP Request: POST https://api.telegram.org/bot8061605107:AAGWi0o4NaL4E_6Mnh2hkBth4tDfNNgK0qo/getUpdates "HTTP/1.1 200 OK"
2026-07-03 14:16:51,861 [INFO] HTTP Request: POST https://api.telegram.org/bot8061605107:AAGWi0o4NaL4E_6Mnh2hkBth4tDfNNgK0qo/getUpdates "HTTP/1.1 200 OK"
2026-07-03 14:17:02,073 [INFO] HTTP Request: POST https://api.telegram.org/bot8061605107:AAGWi0o4NaL4E_6Mnh2hkBth4tDfNNgK0qo/getUpdates "HTTP/1.1 200 OK"
2026-07-03 14:17:12,255 [INFO] HTTP Request: POST https://api.telegram.org/bot8061605107:AAGWi0o4NaL4E_6Mnh2hkBth4tDfNNgK0qo/getUpdates "HTTP/1.1 200 OK"
2026-07-03 14:17:22,436 [INFO] HTTP Request: POST https://api.telegram.org/bot8061605107:AAGWi0o4NaL4E_6Mnh2hkBth4tDfNNgK0qo/getUpdates "HTTP/1.1 200 OK"
2026-07-03 14:17:32,618 [INFO] HTTP Request: POST https://api.telegram.org/bot8061605107:AAGWi0o4NaL4E_6Mnh2hkBth4tDfNNgK0qo/getUpdates "HTTP/1.1 200 OK"
2026-07-03 14:17:42,799 [INFO] HTTP Request: POST https://api.telegram.org/bot8061605107:AAGWi0o4NaL4E_6Mnh2hkBth4tDfNNgK0qo/getUpdates "HTTP/1.1 200 OK"
2026-07-03 14:17:52,985 [INFO] HTTP Request: POST https://api.telegram.org/bot8061605107:AAGWi0o4NaL4E_6Mnh2hkBth4tDfNNgK0qo/getUpdates "HTTP/1.1 200 OK"
2026-07-03 14:18:03,168 [INFO] HTTP Request: POST https://api.telegram.org/bot8061605107:AAGWi0o4NaL4E_6Mnh2hkBth4tDfNNgK0qo/getUpdates "HTTP/1.1 200 OK"
2026-07-03 14:18:13,413 [INFO] HTTP Request: POST https://api.telegram.org/bot8061605107:AAGWi0o4NaL4E_6Mnh2hkBth4tDfNNgK0qo/getUpdates "HTTP/1.1 200 OK"
2026-07-03 14:18:23,608 [INFO] HTTP Request: POST https://api.telegram.org/bot8061605107:AAGWi0o4NaL4E_6Mnh2hkBth4tDfNNgK0qo/getUpdates "HTTP/1.1 200 OK"
2026-07-03 14:18:33,790 [INFO] HTTP Request: POST https://api.telegram.org/bot8061605107:AAGWi0o4NaL4E_6Mnh2hkBth4tDfNNgK0qo/getUpdates "HTTP/1.1 200 OK"
2026-07-03 14:18:44,030 [INFO] HTTP Request: POST https://api.telegram.org/bot8061605107:AAGWi0o4NaL4E_6Mnh2hkBth4tDfNNgK0qo/getUpdates "HTTP/1.1 200 OK"
2026-07-03 14:18:54,221 [INFO] HTTP Request: POST https://api.telegram.org/bot8061605107:AAGWi0o4NaL4E_6Mnh2hkBth4tDfNNgK0qo/getUpdates "HTTP/1.1 200 OK"
2026-07-03 14:19:04,403 [INFO] HTTP Request: POST https://api.telegram.org/bot8061605107:AAGWi0o4NaL4E_6Mnh2hkBth4tDfNNgK0qo/getUpdates "HTTP/1.1 200 OK"
2026-07-03 14:19:14,621 [INFO] HTTP Request: POST https://api.telegram.org/bot8061605107:AAGWi0o4NaL4E_6Mnh2hkBth4tDfNNgK0qo/getUpdates "HTTP/1.1 200 OK"
2026-07-03 14:19:24,803 [INFO] HTTP Request: POST https://api.telegram.org/bot8061605107:AAGWi0o4NaL4E_6Mnh2hkBth4tDfNNgK0qo/getUpdates "HTTP/1.1 200 OK"
2026-07-03 14:19:34,996 [INFO] HTTP Request: POST https://api.telegram.org/bot8061605107:AAGWi0o4NaL4E_6Mnh2hkBth4tDfNNgK0qo/getUpdates "HTTP/1.1 200 OK"
2026-07-03 14:19:45,188 [INFO] HTTP Request: POST https://api.telegram.org/bot8061605107:AAGWi0o4NaL4E_6Mnh2hkBth4tDfNNgK0qo/getUpdates "HTTP/1.1 200 OK"
2026-07-03 14:19:55,386 [INFO] HTTP Request: POST https://api.telegram.org/bot8061605107:AAGWi0o4NaL4E_6Mnh2hkBth4tDfNNgK0qo/getUpdates "HTTP/1.1 200 OK"
2026-07-03 14:20:05,571 [INFO] HTTP Request: POST https://api.telegram.org/bot8061605107:AAGWi0o4NaL4E_6Mnh2hkBth4tDfNNgK0qo/getUpdates "HTTP/1.1 200 OK"
2026-07-03 14:20:15,765 [INFO] HTTP Request: POST https://api.telegram.org/bot8061605107:AAGWi0o4NaL4E_6Mnh2hkBth4tDfNNgK0qo/getUpdates "HTTP/1.1 200 OK"
2026-07-03 14:20:25,955 [INFO] HTTP Request: POST https://api.telegram.org/bot8061605107:AAGWi0o4NaL4E_6Mnh2hkBth4tDfNNgK0qo/getUpdates "HTTP/1.1 200 OK"
2026-07-03 14:20:36,155 [INFO] HTTP Request: POST https://api.telegram.org/bot8061605107:AAGWi0o4NaL4E_6Mnh2hkBth4tDfNNgK0qo/getUpdates "HTTP/1.1 200 OK"
2026-07-03 14:20:46,371 [INFO] HTTP Request: POST https://api.telegram.org/bot8061605107:AAGWi0o4NaL4E_6Mnh2hkBth4tDfNNgK0qo/getUpdates "HTTP/1.1 200 OK"
2026-07-03 14:20:56,554 [INFO] HTTP Request: POST https://api.telegram.org/bot8061605107:AAGWi0o4NaL4E_6Mnh2hkBth4tDfNNgK0qo/getUpdates "HTTP/1.1 200 OK"
2026-07-03 14:21:06,754 [INFO] HTTP Request: POST https://api.telegram.org/bot8061605107:AAGWi0o4NaL4E_6Mnh2hkBth4tDfNNgK0qo/getUpdates "HTTP/1.1 200 OK"
2026-07-03 14:21:16,950 [INFO] HTTP Request: POST https://api.telegram.org/bot8061605107:AAGWi0o4NaL4E_6Mnh2hkBth4tDfNNgK0qo/getUpdates "HTTP/1.1 200 OK"
2026-07-03 14:21:27,135 [INFO] HTTP Request: POST https://api.telegram.org/bot8061605107:AAGWi0o4NaL4E_6Mnh2hkBth4tDfNNgK0qo/getUpdates "HTTP/1.1 200 OK"
2026-07-03 14:21:37,364 [INFO] HTTP Request: POST https://api.telegram.org/bot8061605107:AAGWi0o4NaL4E_6Mnh2hkBth4tDfNNgK0qo/getUpdates "HTTP/1.1 200 OK"
2026-07-03 14:21:47,545 [INFO] HTTP Request: POST https://api.telegram.org/bot8061605107:AAGWi0o4NaL4E_6Mnh2hkBth4tDfNNgK0qo/getUpdates "HTTP/1.1 200 OK"
2026-07-03 14:21:57,736 [INFO] HTTP Request: POST https://api.telegram.org/bot8061605107:AAGWi0o4NaL4E_6Mnh2hkBth4tDfNNgK0qo/getUpdates "HTTP/1.1 200 OK"
2026-07-03 14:22:07,962 [INFO] HTTP Request: POST https://api.telegram.org/bot8061605107:AAGWi0o4NaL4E_6Mnh2hkBth4tDfNNgK0qo/getUpdates "HTTP/1.1 200 OK"
2026-07-03 14:22:18,145 [INFO] HTTP Request: POST https://api.telegram.org/bot8061605107:AAGWi0o4NaL4E_6Mnh2hkBth4tDfNNgK0qo/getUpdates "HTTP/1.1 200 OK"
2026-07-03 14:22:28,328 [INFO] HTTP Request: POST https://api.telegram.org/bot8061605107:AAGWi0o4NaL4E_6Mnh2hkBth4tDfNNgK0qo/getUpdates "HTTP/1.1 200 OK"
2026-07-03 14:22:38,513 [INFO] HTTP Request: POST https://api.telegram.org/bot8061605107:AAGWi0o4NaL4E_6Mnh2hkBth4tDfNNgK0qo/getUpdates "HTTP/1.1 200 OK"
2026-07-03 14:22:48,697 [INFO] HTTP Request: POST https://api.telegram.org/bot8061605107:AAGWi0o4NaL4E_6Mnh2hkBth4tDfNNgK0qo/getUpdates "HTTP/1.1 200 OK"
2026-07-03 14:22:58,881 [INFO] HTTP Request: POST https://api.telegram.org/bot8061605107:AAGWi0o4NaL4E_6Mnh2hkBth4tDfNNgK0qo/getUpdates "HTTP/1.1 200 OK"
2026-07-03 14:23:09,089 [INFO] HTTP Request: POST https://api.telegram.org/bot8061605107:AAGWi0o4NaL4E_6Mnh2hkBth4tDfNNgK0qo/getUpdates "HTTP/1.1 200 OK"
2026-07-03 14:23:19,297 [INFO] HTTP Request: POST https://api.telegram.org/bot8061605107:AAGWi0o4NaL4E_6Mnh2hkBth4tDfNNgK0qo/getUpdates "HTTP/1.1 200 OK"
2026-07-03 14:23:29,528 [INFO] HTTP Request: POST https://api.telegram.org/bot8061605107:AAGWi0o4NaL4E_6Mnh2hkBth4tDfNNgK0qo/getUpdates "HTTP/1.1 200 OK"
2026-07-03 14:23:39,720 [INFO] HTTP Request: POST https://api.telegram.org/bot8061605107:AAGWi0o4NaL4E_6Mnh2hkBth4tDfNNgK0qo/getUpdates "HTTP/1.1 200 OK"
2026-07-03 14:23:49,902 [INFO] HTTP Request: POST https://api.telegram.org/bot8061605107:AAGWi0o4NaL4E_6Mnh2hkBth4tDfNNgK0qo/getUpdates "HTTP/1.1 200 OK"
2026-07-03 14:24:00,102 [INFO] HTTP Request: POST https://api.telegram.org/bot8061605107:AAGWi0o4NaL4E_6Mnh2hkBth4tDfNNgK0qo/getUpdates "HTTP/1.1 200 OK"
2026-07-03 14:24:10,284 [INFO] HTTP Request: POST https://api.telegram.org/bot8061605107:AAGWi0o4NaL4E_6Mnh2hkBth4tDfNNgK0qo/getUpdates "HTTP/1.1 200 OK"
2026-07-03 14:24:20,488 [INFO] HTTP Request: POST https://api.telegram.org/bot8061605107:AAGWi0o4NaL4E_6Mnh2hkBth4tDfNNgK0qo/getUpdates "HTTP/1.1 200 OK"
2026-07-03 14:24:30,669 [INFO] HTTP Request: POST https://api.telegram.org/bot8061605107:AAGWi0o4NaL4E_6Mnh2hkBth4tDfNNgK0qo/getUpdates "HTTP/1.1 200 OK"
2026-07-03 14:24:40,851 [INFO] HTTP Request: POST https://api.telegram.org/bot8061605107:AAGWi0o4NaL4E_6Mnh2hkBth4tDfNNgK0qo/getUpdates "HTTP/1.1 200 OK"
2026-07-03 14:24:51,056 [INFO] HTTP Request: POST https://api.telegram.org/bot8061605107:AAGWi0o4NaL4E_6Mnh2hkBth4tDfNNgK0qo/getUpdates "HTTP/1.1 200 OK"
2026-07-03 14:25:01,245 [INFO] HTTP Request: POST https://api.telegram.org/bot8061605107:AAGWi0o4NaL4E_6Mnh2hkBth4tDfNNgK0qo/getUpdates "HTTP/1.1 200 OK"
2026-07-03 14:25:11,428 [INFO] HTTP Request: POST https://api.telegram.org/bot8061605107:AAGWi0o4NaL4E_6Mnh2hkBth4tDfNNgK0qo/getUpdates "HTTP/1.1 200 OK"
2026-07-03 14:25:21,614 [INFO] HTTP Request: POST https://api.telegram.org/bot8061605107:AAGWi0o4NaL4E_6Mnh2hkBth4tDfNNgK0qo/getUpdates "HTTP/1.1 200 OK"
2026-07-03 14:25:31,822 [INFO] HTTP Request: POST https://api.telegram.org/bot8061605107:AAGWi0o4NaL4E_6Mnh2hkBth4tDfNNgK0qo/getUpdates "HTTP/1.1 200 OK"
2026-07-03 14:25:42,015 [INFO] HTTP Request: POST https://api.telegram.org/bot8061605107:AAGWi0o4NaL4E_6Mnh2hkBth4tDfNNgK0qo/getUpdates "HTTP/1.1 200 OK"
2026-07-03 14:25:52,197 [INFO] HTTP Request: POST https://api.telegram.org/bot8061605107:AAGWi0o4NaL4E_6Mnh2hkBth4tDfNNgK0qo/getUpdates "HTTP/1.1 200 OK"
2026-07-03 14:26:02,380 [INFO] HTTP Request: POST https://api.telegram.org/bot8061605107:AAGWi0o4NaL4E_6Mnh2hkBth4tDfNNgK0qo/getUpdates "HTTP/1.1 200 OK"
2026-07-03 14:26:12,563 [INFO] HTTP Request: POST https://api.telegram.org/bot8061605107:AAGWi0o4NaL4E_6Mnh2hkBth4tDfNNgK0qo/getUpdates "HTTP/1.1 200 OK"
2026-07-03 14:26:22,748 [INFO] HTTP Request: POST https://api.telegram.org/bot8061605107:AAGWi0o4NaL4E_6Mnh2hkBth4tDfNNgK0qo/getUpdates "HTTP/1.1 200 OK"
2026-07-03 14:26:32,931 [INFO] HTTP Request: POST https://api.telegram.org/bot8061605107:AAGWi0o4NaL4E_6Mnh2hkBth4tDfNNgK0qo/getUpdates "HTTP/1.1 200 OK"
2026-07-03 14:26:43,149 [INFO] HTTP Request: POST https://api.telegram.org/bot8061605107:AAGWi0o4NaL4E_6Mnh2hkBth4tDfNNgK0qo/getUpdates "HTTP/1.1 200 OK"
2026-07-03 14:26:53,348 [INFO] HTTP Request: POST https://api.telegram.org/bot8061605107:AAGWi0o4NaL4E_6Mnh2hkBth4tDfNNgK0qo/getUpdates "HTTP/1.1 200 OK"
2026-07-03 14:27:03,531 [INFO] HTTP Request: POST https://api.telegram.org/bot8061605107:AAGWi0o4NaL4E_6Mnh2hkBth4tDfNNgK0qo/getUpdates "HTTP/1.1 200 OK"
2026-07-03 14:27:13,714 [INFO] HTTP Request: POST https://api.telegram.org/bot8061605107:AAGWi0o4NaL4E_6Mnh2hkBth4tDfNNgK0qo/getUpdates "HTTP/1.1 200 OK"
2026-07-03 14:27:23,907 [INFO] HTTP Request: POST https://api.telegram.org/bot8061605107:AAGWi0o4NaL4E_6Mnh2hkBth4tDfNNgK0qo/getUpdates "HTTP/1.1 200 OK"
2026-07-03 14:27:34,126 [INFO] HTTP Request: POST https://api.telegram.org/bot8061605107:AAGWi0o4NaL4E_6Mnh2hkBth4tDfNNgK0qo/getUpdates "HTTP/1.1 200 OK"
2026-07-03 14:27:44,341 [INFO] HTTP Request: POST https://api.telegram.org/bot8061605107:AAGWi0o4NaL4E_6Mnh2hkBth4tDfNNgK0qo/getUpdates "HTTP/1.1 200 OK"
2026-07-03 14:27:54,523 [INFO] HTTP Request: POST https://api.telegram.org/bot8061605107:AAGWi0o4NaL4E_6Mnh2hkBth4tDfNNgK0qo/getUpdates "HTTP/1.1 200 OK"
2026-07-03 14:28:04,746 [INFO] HTTP Request: POST https://api.telegram.org/bot8061605107:AAGWi0o4NaL4E_6Mnh2hkBth4tDfNNgK0qo/getUpdates "HTTP/1.1 200 OK"
2026-07-03 14:28:14,931 [INFO] HTTP Request: POST https://api.telegram.org/bot8061605107:AAGWi0o4NaL4E_6Mnh2hkBth4tDfNNgK0qo/getUpdates "HTTP/1.1 200 OK"
2026-07-03 14:28:25,126 [INFO] HTTP Request: POST https://api.telegram.org/bot8061605107:AAGWi0o4NaL4E_6Mnh2hkBth4tDfNNgK0qo/getUpdates "HTTP/1.1 200 OK"
2026-07-03 14:28:35,310 [INFO] HTTP Request: POST https://api.telegram.org/bot8061605107:AAGWi0o4NaL4E_6Mnh2hkBth4tDfNNgK0qo/getUpdates "HTTP/1.1 200 OK"
2026-07-03 14:28:45,495 [INFO] HTTP Request: POST https://api.telegram.org/bot8061605107:AAGWi0o4NaL4E_6Mnh2hkBth4tDfNNgK0qo/getUpdates "HTTP/1.1 200 OK"
2026-07-03 14:28:55,682 [INFO] HTTP Request: POST https://api.telegram.org/bot8061605107:AAGWi0o4NaL4E_6Mnh2hkBth4tDfNNgK0qo/getUpdates "HTTP/1.1 200 OK"
2026-07-03 14:29:05,871 [INFO] HTTP Request: POST https://api.telegram.org/bot8061605107:AAGWi0o4NaL4E_6Mnh2hkBth4tDfNNgK0qo/getUpdates "HTTP/1.1 200 OK"
2026-07-03 14:29:16,052 [INFO] HTTP Request: POST https://api.telegram.org/bot8061605107:AAGWi0o4NaL4E_6Mnh2hkBth4tDfNNgK0qo/getUpdates "HTTP/1.1 200 OK"
2026-07-03 14:29:26,236 [INFO] HTTP Request: POST https://api.telegram.org/bot8061605107:AAGWi0o4NaL4E_6Mnh2hkBth4tDfNNgK0qo/getUpdates "HTTP/1.1 200 OK"
2026-07-03 14:29:36,418 [INFO] HTTP Request: POST https://api.telegram.org/bot8061605107:AAGWi0o4NaL4E_6Mnh2hkBth4tDfNNgK0qo/getUpdates "HTTP/1.1 200 OK"
2026-07-03 14:29:46,604 [INFO] HTTP Request: POST https://api.telegram.org/bot8061605107:AAGWi0o4NaL4E_6Mnh2hkBth4tDfNNgK0qo/getUpdates "HTTP/1.1 200 OK"
2026-07-03 14:29:56,786 [INFO] HTTP Request: POST https://api.telegram.org/bot8061605107:AAGWi0o4NaL4E_6Mnh2hkBth4tDfNNgK0qo/getUpdates "HTTP/1.1 200 OK"
2026-07-03 14:30:06,970 [INFO] HTTP Request: POST https://api.telegram.org/bot8061605107:AAGWi0o4NaL4E_6Mnh2hkBth4tDfNNgK0qo/getUpdates "HTTP/1.1 200 OK"
2026-07-03 14:30:17,152 [INFO] HTTP Request: POST https://api.telegram.org/bot8061605107:AAGWi0o4NaL4E_6Mnh2hkBth4tDfNNgK0qo/getUpdates "HTTP/1.1 200 OK"
2026-07-03 14:30:27,334 [INFO] HTTP Request: POST https://api.telegram.org/bot8061605107:AAGWi0o4NaL4E_6Mnh2hkBth4tDfNNgK0qo/getUpdates "HTTP/1.1 200 OK"
2026-07-03 14:30:37,518 [INFO] HTTP Request: POST https://api.telegram.org/bot8061605107:AAGWi0o4NaL4E_6Mnh2hkBth4tDfNNgK0qo/getUpdates "HTTP/1.1 200 OK"
2026-07-03 14:30:47,698 [INFO] HTTP Request: POST https://api.telegram.org/bot8061605107:AAGWi0o4NaL4E_6Mnh2hkBth4tDfNNgK0qo/getUpdates "HTTP/1.1 200 OK"
2026-07-03 14:30:57,889 [INFO] HTTP Request: POST https://api.telegram.org/bot8061605107:AAGWi0o4NaL4E_6Mnh2hkBth4tDfNNgK0qo/getUpdates "HTTP/1.1 200 OK"
2026-07-03 14:31:08,080 [INFO] HTTP Request: POST https://api.telegram.org/bot8061605107:AAGWi0o4NaL4E_6Mnh2hkBth4tDfNNgK0qo/getUpdates "HTTP/1.1 200 OK"
2026-07-03 14:31:18,301 [INFO] HTTP Request: POST https://api.telegram.org/bot8061605107:AAGWi0o4NaL4E_6Mnh2hkBth4tDfNNgK0qo/getUpdates "HTTP/1.1 200 OK"
2026-07-03 14:31:28,515 [INFO] HTTP Request: POST https://api.telegram.org/bot8061605107:AAGWi0o4NaL4E_6Mnh2hkBth4tDfNNgK0qo/getUpdates "HTTP/1.1 200 OK"
2026-07-03 14:31:38,697 [INFO] HTTP Request: POST https://api.telegram.org/bot8061605107:AAGWi0o4NaL4E_6Mnh2hkBth4tDfNNgK0qo/getUpdates "HTTP/1.1 200 OK"
2026-07-03 14:31:48,888 [INFO] HTTP Request: POST https://api.telegram.org/bot8061605107:AAGWi0o4NaL4E_6Mnh2hkBth4tDfNNgK0qo/getUpdates "HTTP/1.1 200 OK"
2026-07-03 14:31:59,075 [INFO] HTTP Request: POST https://api.telegram.org/bot8061605107:AAGWi0o4NaL4E_6Mnh2hkBth4tDfNNgK0qo/getUpdates "HTTP/1.1 200 OK"
2026-07-03 14:32:09,256 [INFO] HTTP Request: POST https://api.telegram.org/bot8061605107:AAGWi0o4NaL4E_6Mnh2hkBth4tDfNNgK0qo/getUpdates "HTTP/1.1 200 OK"
2026-07-03 14:32:19,444 [INFO] HTTP Request: POST https://api.telegram.org/bot8061605107:AAGWi0o4NaL4E_6Mnh2hkBth4tDfNNgK0qo/getUpdates "HTTP/1.1 200 OK"
2026-07-03 14:32:29,642 [INFO] HTTP Request: POST https://api.telegram.org/bot8061605107:AAGWi0o4NaL4E_6Mnh2hkBth4tDfNNgK0qo/getUpdates "HTTP/1.1 200 OK"
2026-07-03 14:32:39,864 [INFO] HTTP Request: POST https://api.telegram.org/bot8061605107:AAGWi0o4NaL4E_6Mnh2hkBth4tDfNNgK0qo/getUpdates "HTTP/1.1 200 OK"
2026-07-03 14:32:50,080 [INFO] HTTP Request: POST https://api.telegram.org/bot8061605107:AAGWi0o4NaL4E_6Mnh2hkBth4tDfNNgK0qo/getUpdates "HTTP/1.1 200 OK"
2026-07-03 14:33:00,273 [INFO] HTTP Request: POST https://api.telegram.org/bot8061605107:AAGWi0o4NaL4E_6Mnh2hkBth4tDfNNgK0qo/getUpdates "HTTP/1.1 200 OK"
2026-07-03 14:33:10,468 [INFO] HTTP Request: POST https://api.telegram.org/bot8061605107:AAGWi0o4NaL4E_6Mnh2hkBth4tDfNNgK0qo/getUpdates "HTTP/1.1 200 OK"
2026-07-03 14:33:20,660 [INFO] HTTP Request: POST https://api.telegram.org/bot8061605107:AAGWi0o4NaL4E_6Mnh2hkBth4tDfNNgK0qo/getUpdates "HTTP/1.1 200 OK"
2026-07-03 14:33:30,843 [INFO] HTTP Request: POST https://api.telegram.org/bot8061605107:AAGWi0o4NaL4E_6Mnh2hkBth4tDfNNgK0qo/getUpdates "HTTP/1.1 200 OK"
2026-07-03 14:33:41,098 [INFO] HTTP Request: POST https://api.telegram.org/bot8061605107:AAGWi0o4NaL4E_6Mnh2hkBth4tDfNNgK0qo/getUpdates "HTTP/1.1 200 OK"
2026-07-03 14:33:51,285 [INFO] HTTP Request: POST https://api.telegram.org/bot8061605107:AAGWi0o4NaL4E_6Mnh2hkBth4tDfNNgK0qo/getUpdates "HTTP/1.1 200 OK"
2026-07-03 14:34:01,477 [INFO] HTTP Request: POST https://api.telegram.org/bot8061605107:AAGWi0o4NaL4E_6Mnh2hkBth4tDfNNgK0qo/getUpdates "HTTP/1.1 200 OK"
2026-07-03 14:34:11,661 [INFO] HTTP Request: POST https://api.telegram.org/bot8061605107:AAGWi0o4NaL4E_6Mnh2hkBth4tDfNNgK0qo/getUpdates "HTTP/1.1 200 OK"
2026-07-03 14:34:21,845 [INFO] HTTP Request: POST https://api.telegram.org/bot8061605107:AAGWi0o4NaL4E_6Mnh2hkBth4tDfNNgK0qo/getUpdates "HTTP/1.1 200 OK"
2026-07-03 14:34:32,028 [INFO] HTTP Request: POST https://api.telegram.org/bot8061605107:AAGWi0o4NaL4E_6Mnh2hkBth4tDfNNgK0qo/getUpdates "HTTP/1.1 200 OK"
2026-07-03 14:34:42,255 [INFO] HTTP Request: POST https://api.telegram.org/bot8061605107:AAGWi0o4NaL4E_6Mnh2hkBth4tDfNNgK0qo/getUpdates "HTTP/1.1 200 OK"
2026-07-03 14:34:52,475 [INFO] HTTP Request: POST https://api.telegram.org/bot8061605107:AAGWi0o4NaL4E_6Mnh2hkBth4tDfNNgK0qo/getUpdates "HTTP/1.1 200 OK"
2026-07-03 14:35:02,675 [INFO] HTTP Request: POST https://api.telegram.org/bot8061605107:AAGWi0o4NaL4E_6Mnh2hkBth4tDfNNgK0qo/getUpdates "HTTP/1.1 200 OK"
2026-07-03 14:35:12,856 [INFO] HTTP Request: POST https://api.telegram.org/bot8061605107:AAGWi0o4NaL4E_6Mnh2hkBth4tDfNNgK0qo/getUpdates "HTTP/1.1 200 OK"
2026-07-03 14:35:23,041 [INFO] HTTP Request: POST https://api.telegram.org/bot8061605107:AAGWi0o4NaL4E_6Mnh2hkBth4tDfNNgK0qo/getUpdates "HTTP/1.1 200 OK"
2026-07-03 14:35:33,250 [INFO] HTTP Request: POST https://api.telegram.org/bot8061605107:AAGWi0o4NaL4E_6Mnh2hkBth4tDfNNgK0qo/getUpdates "HTTP/1.1 200 OK"
2026-07-03 14:35:43,433 [INFO] HTTP Request: POST https://api.telegram.org/bot8061605107:AAGWi0o4NaL4E_6Mnh2hkBth4tDfNNgK0qo/getUpdates "HTTP/1.1 200 OK"
2026-07-03 14:35:53,618 [INFO] HTTP Request: POST https://api.telegram.org/bot8061605107:AAGWi0o4NaL4E_6Mnh2hkBth4tDfNNgK0qo/getUpdates "HTTP/1.1 200 OK"
2026-07-03 14:36:03,799 [INFO] HTTP Request: POST https://api.telegram.org/bot8061605107:AAGWi0o4NaL4E_6Mnh2hkBth4tDfNNgK0qo/getUpdates "HTTP/1.1 200 OK"
2026-07-03 14:36:13,999 [INFO] HTTP Request: POST https://api.telegram.org/bot8061605107:AAGWi0o4NaL4E_6Mnh2hkBth4tDfNNgK0qo/getUpdates "HTTP/1.1 200 OK"
2026-07-03 14:36:24,180 [INFO] HTTP Request: POST https://api.telegram.org/bot8061605107:AAGWi0o4NaL4E_6Mnh2hkBth4tDfNNgK0qo/getUpdates "HTTP/1.1 200 OK"
2026-07-03 14:36:34,366 [INFO] HTTP Request: POST https://api.telegram.org/bot8061605107:AAGWi0o4NaL4E_6Mnh2hkBth4tDfNNgK0qo/getUpdates "HTTP/1.1 200 OK"
2026-07-03 14:36:44,550 [INFO] HTTP Request: POST https://api.telegram.org/bot8061605107:AAGWi0o4NaL4E_6Mnh2hkBth4tDfNNgK0qo/getUpdates "HTTP/1.1 200 OK"
2026-07-03 14:36:54,738 [INFO] HTTP Request: POST https://api.telegram.org/bot8061605107:AAGWi0o4NaL4E_6Mnh2hkBth4tDfNNgK0qo/getUpdates "HTTP/1.1 200 OK"
2026-07-03 14:37:04,962 [INFO] HTTP Request: POST https://api.telegram.org/bot8061605107:AAGWi0o4NaL4E_6Mnh2hkBth4tDfNNgK0qo/getUpdates "HTTP/1.1 200 OK"
2026-07-03 14:37:15,144 [INFO] HTTP Request: POST https://api.telegram.org/bot8061605107:AAGWi0o4NaL4E_6Mnh2hkBth4tDfNNgK0qo/getUpdates "HTTP/1.1 200 OK"
2026-07-03 14:37:25,325 [INFO] HTTP Request: POST https://api.telegram.org/bot8061605107:AAGWi0o4NaL4E_6Mnh2hkBth4tDfNNgK0qo/getUpdates "HTTP/1.1 200 OK"
2026-07-03 14:37:35,539 [INFO] HTTP Request: POST https://api.telegram.org/bot8061605107:AAGWi0o4NaL4E_6Mnh2hkBth4tDfNNgK0qo/getUpdates "HTTP/1.1 200 OK"
2026-07-03 14:37:45,720 [INFO] HTTP Request: POST https://api.telegram.org/bot8061605107:AAGWi0o4NaL4E_6Mnh2hkBth4tDfNNgK0qo/getUpdates "HTTP/1.1 200 OK"
2026-07-03 14:37:55,902 [INFO] HTTP Request: POST https://api.telegram.org/bot8061605107:AAGWi0o4NaL4E_6Mnh2hkBth4tDfNNgK0qo/getUpdates "HTTP/1.1 200 OK"
2026-07-03 14:38:06,083 [INFO] HTTP Request: POST https://api.telegram.org/bot8061605107:AAGWi0o4NaL4E_6Mnh2hkBth4tDfNNgK0qo/getUpdates "HTTP/1.1 200 OK"
2026-07-03 14:38:16,267 [INFO] HTTP Request: POST https://api.telegram.org/bot8061605107:AAGWi0o4NaL4E_6Mnh2hkBth4tDfNNgK0qo/getUpdates "HTTP/1.1 200 OK"
2026-07-03 14:38:22,599 [INFO] Group message: XAUUSD | MARKET OUTLOOK 3/7

Focus utama hari ni masih lagi ke arah kenaikkan disebabkan previous ca
2026-07-03 14:38:26,466 [INFO] HTTP Request: POST https://api.telegram.org/bot8061605107:AAGWi0o4NaL4E_6Mnh2hkBth4tDfNNgK0qo/getUpdates "HTTP/1.1 200 OK"
2026-07-03 14:38:36,650 [INFO] HTTP Request: POST https://api.telegram.org/bot8061605107:AAGWi0o4NaL4E_6Mnh2hkBth4tDfNNgK0qo/getUpdates "HTTP/1.1 200 OK"
2026-07-03 14:38:46,831 [INFO] HTTP Request: POST https://api.telegram.org/bot8061605107:AAGWi0o4NaL4E_6Mnh2hkBth4tDfNNgK0qo/getUpdates "HTTP/1.1 200 OK"
2026-07-03 14:38:57,061 [INFO] HTTP Request: POST https://api.telegram.org/bot8061605107:AAGWi0o4NaL4E_6Mnh2hkBth4tDfNNgK0qo/getUpdates "HTTP/1.1 200 OK"
2026-07-03 14:39:07,246 [INFO] HTTP Request: POST https://api.telegram.org/bot8061605107:AAGWi0o4NaL4E_6Mnh2hkBth4tDfNNgK0qo/getUpdates "HTTP/1.1 200 OK"
2026-07-03 14:39:17,457 [INFO] HTTP Request: POST https://api.telegram.org/bot8061605107:AAGWi0o4NaL4E_6Mnh2hkBth4tDfNNgK0qo/getUpdates "HTTP/1.1 200 OK"
2026-07-03 14:39:27,643 [INFO] HTTP Request: POST https://api.telegram.org/bot8061605107:AAGWi0o4NaL4E_6Mnh2hkBth4tDfNNgK0qo/getUpdates "HTTP/1.1 200 OK"
2026-07-03 14:39:37,829 [INFO] HTTP Request: POST https://api.telegram.org/bot8061605107:AAGWi0o4NaL4E_6Mnh2hkBth4tDfNNgK0qo/getUpdates "HTTP/1.1 200 OK"
2026-07-03 14:39:48,014 [INFO] HTTP Request: POST https://api.telegram.org/bot8061605107:AAGWi0o4NaL4E_6Mnh2hkBth4tDfNNgK0qo/getUpdates "HTTP/1.1 200 OK"
2026-07-03 14:39:58,197 [INFO] HTTP Request: POST https://api.telegram.org/bot8061605107:AAGWi0o4NaL4E_6Mnh2hkBth4tDfNNgK0qo/getUpdates "HTTP/1.1 200 OK"
2026-07-03 14:40:08,381 [INFO] HTTP Request: POST https://api.telegram.org/bot8061605107:AAGWi0o4NaL4E_6Mnh2hkBth4tDfNNgK0qo/getUpdates "HTTP/1.1 200 OK"
2026-07-03 14:40:18,563 [INFO] HTTP Request: POST https://api.telegram.org/bot8061605107:AAGWi0o4NaL4E_6Mnh2hkBth4tDfNNgK0qo/getUpdates "HTTP/1.1 200 OK"
2026-07-03 14:40:28,745 [INFO] HTTP Request: POST https://api.telegram.org/bot8061605107:AAGWi0o4NaL4E_6Mnh2hkBth4tDfNNgK0qo/getUpdates "HTTP/1.1 200 OK"
2026-07-03 14:40:38,929 [INFO] HTTP Request: POST https://api.telegram.org/bot8061605107:AAGWi0o4NaL4E_6Mnh2hkBth4tDfNNgK0qo/getUpdates "HTTP/1.1 200 OK"
2026-07-03 14:40:49,113 [INFO] HTTP Request: POST https://api.telegram.org/bot8061605107:AAGWi0o4NaL4E_6Mnh2hkBth4tDfNNgK0qo/getUpdates "HTTP/1.1 200 OK"
2026-07-03 14:40:59,297 [INFO] HTTP Request: POST https://api.telegram.org/bot8061605107:AAGWi0o4NaL4E_6Mnh2hkBth4tDfNNgK0qo/getUpdates "HTTP/1.1 200 OK"
2026-07-03 14:41:09,479 [INFO] HTTP Request: POST https://api.telegram.org/bot8061605107:AAGWi0o4NaL4E_6Mnh2hkBth4tDfNNgK0qo/getUpdates "HTTP/1.1 200 OK"
2026-07-03 14:41:19,662 [INFO] HTTP Request: POST https://api.telegram.org/bot8061605107:AAGWi0o4NaL4E_6Mnh2hkBth4tDfNNgK0qo/getUpdates "HTTP/1.1 200 OK"
2026-07-03 14:41:29,844 [INFO] HTTP Request: POST https://api.telegram.org/bot8061605107:AAGWi0o4NaL4E_6Mnh2hkBth4tDfNNgK0qo/getUpdates "HTTP/1.1 200 OK"
2026-07-03 14:41:40,026 [INFO] HTTP Request: POST https://api.telegram.org/bot8061605107:AAGWi0o4NaL4E_6Mnh2hkBth4tDfNNgK0qo/getUpdates "HTTP/1.1 200 OK"
2026-07-03 14:41:50,230 [INFO] HTTP Request: POST https://api.telegram.org/bot8061605107:AAGWi0o4NaL4E_6Mnh2hkBth4tDfNNgK0qo/getUpdates "HTTP/1.1 200 OK"
2026-07-03 14:42:00,415 [INFO] HTTP Request: POST https://api.telegram.org/bot8061605107:AAGWi0o4NaL4E_6Mnh2hkBth4tDfNNgK0qo/getUpdates "HTTP/1.1 200 OK"
2026-07-03 14:42:10,606 [INFO] HTTP Request: POST https://api.telegram.org/bot8061605107:AAGWi0o4NaL4E_6Mnh2hkBth4tDfNNgK0qo/getUpdates "HTTP/1.1 200 OK"
2026-07-03 14:42:20,790 [INFO] HTTP Request: POST https://api.telegram.org/bot8061605107:AAGWi0o4NaL4E_6Mnh2hkBth4tDfNNgK0qo/getUpdates "HTTP/1.1 200 OK"
2026-07-03 14:42:30,973 [INFO] HTTP Request: POST https://api.telegram.org/bot8061605107:AAGWi0o4NaL4E_6Mnh2hkBth4tDfNNgK0qo/getUpdates "HTTP/1.1 200 OK"
2026-07-03 14:42:41,154 [INFO] HTTP Request: POST https://api.telegram.org/bot8061605107:AAGWi0o4NaL4E_6Mnh2hkBth4tDfNNgK0qo/getUpdates "HTTP/1.1 200 OK"
2026-07-03 14:42:51,335 [INFO] HTTP Request: POST https://api.telegram.org/bot8061605107:AAGWi0o4NaL4E_6Mnh2hkBth4tDfNNgK0qo/getUpdates "HTTP/1.1 200 OK"
2026-07-03 14:43:01,516 [INFO] HTTP Request: POST https://api.telegram.org/bot8061605107:AAGWi0o4NaL4E_6Mnh2hkBth4tDfNNgK0qo/getUpdates "HTTP/1.1 200 OK"
2026-07-03 14:43:11,733 [INFO] HTTP Request: POST https://api.telegram.org/bot8061605107:AAGWi0o4NaL4E_6Mnh2hkBth4tDfNNgK0qo/getUpdates "HTTP/1.1 200 OK"
2026-07-03 14:43:21,946 [INFO] HTTP Request: POST https://api.telegram.org/bot8061605107:AAGWi0o4NaL4E_6Mnh2hkBth4tDfNNgK0qo/getUpdates "HTTP/1.1 200 OK"
2026-07-03 14:43:32,130 [INFO] HTTP Request: POST https://api.telegram.org/bot8061605107:AAGWi0o4NaL4E_6Mnh2hkBth4tDfNNgK0qo/getUpdates "HTTP/1.1 200 OK"
2026-07-03 14:43:42,314 [INFO] HTTP Request: POST https://api.telegram.org/bot8061605107:AAGWi0o4NaL4E_6Mnh2hkBth4tDfNNgK0qo/getUpdates "HTTP/1.1 200 OK"
2026-07-03 14:43:52,515 [INFO] HTTP Request: POST https://api.telegram.org/bot8061605107:AAGWi0o4NaL4E_6Mnh2hkBth4tDfNNgK0qo/getUpdates "HTTP/1.1 200 OK"
2026-07-03 14:44:02,698 [INFO] HTTP Request: POST https://api.telegram.org/bot8061605107:AAGWi0o4NaL4E_6Mnh2hkBth4tDfNNgK0qo/getUpdates "HTTP/1.1 200 OK"
2026-07-03 14:44:12,911 [INFO] HTTP Request: POST https://api.telegram.org/bot8061605107:AAGWi0o4NaL4E_6Mnh2hkBth4tDfNNgK0qo/getUpdates "HTTP/1.1 200 OK"
2026-07-03 14:44:23,093 [INFO] HTTP Request: POST https://api.telegram.org/bot8061605107:AAGWi0o4NaL4E_6Mnh2hkBth4tDfNNgK0qo/getUpdates "HTTP/1.1 200 OK"
2026-07-03 14:44:33,275 [INFO] HTTP Request: POST https://api.telegram.org/bot8061605107:AAGWi0o4NaL4E_6Mnh2hkBth4tDfNNgK0qo/getUpdates "HTTP/1.1 200 OK"
2026-07-03 14:44:43,457 [INFO] HTTP Request: POST https://api.telegram.org/bot8061605107:AAGWi0o4NaL4E_6Mnh2hkBth4tDfNNgK0qo/getUpdates "HTTP/1.1 200 OK"
2026-07-03 14:44:53,640 [INFO] HTTP Request: POST https://api.telegram.org/bot8061605107:AAGWi0o4NaL4E_6Mnh2hkBth4tDfNNgK0qo/getUpdates "HTTP/1.1 200 OK"
2026-07-03 14:45:03,858 [INFO] HTTP Request: POST https://api.telegram.org/bot8061605107:AAGWi0o4NaL4E_6Mnh2hkBth4tDfNNgK0qo/getUpdates "HTTP/1.1 200 OK"
2026-07-03 14:45:14,095 [INFO] HTTP Request: POST https://api.telegram.org/bot8061605107:AAGWi0o4NaL4E_6Mnh2hkBth4tDfNNgK0qo/getUpdates "HTTP/1.1 200 OK"
2026-07-03 14:45:24,278 [INFO] HTTP Request: POST https://api.telegram.org/bot8061605107:AAGWi0o4NaL4E_6Mnh2hkBth4tDfNNgK0qo/getUpdates "HTTP/1.1 200 OK"
2026-07-03 14:45:34,470 [INFO] HTTP Request: POST https://api.telegram.org/bot8061605107:AAGWi0o4NaL4E_6Mnh2hkBth4tDfNNgK0qo/getUpdates "HTTP/1.1 200 OK"
2026-07-03 14:45:44,654 [INFO] HTTP Request: POST https://api.telegram.org/bot8061605107:AAGWi0o4NaL4E_6Mnh2hkBth4tDfNNgK0qo/getUpdates "HTTP/1.1 200 OK"
2026-07-03 14:45:54,837 [INFO] HTTP Request: POST https://api.telegram.org/bot8061605107:AAGWi0o4NaL4E_6Mnh2hkBth4tDfNNgK0qo/getUpdates "HTTP/1.1 200 OK"
2026-07-03 14:46:05,049 [INFO] HTTP Request: POST https://api.telegram.org/bot8061605107:AAGWi0o4NaL4E_6Mnh2hkBth4tDfNNgK0qo/getUpdates "HTTP/1.1 200 OK"
2026-07-03 14:46:15,238 [INFO] HTTP Request: POST https://api.telegram.org/bot8061605107:AAGWi0o4NaL4E_6Mnh2hkBth4tDfNNgK0qo/getUpdates "HTTP/1.1 200 OK"
2026-07-03 14:46:25,425 [INFO] HTTP Request: POST https://api.telegram.org/bot8061605107:AAGWi0o4NaL4E_6Mnh2hkBth4tDfNNgK0qo/getUpdates "HTTP/1.1 200 OK"
2026-07-03 14:46:35,620 [INFO] HTTP Request: POST https://api.telegram.org/bot8061605107:AAGWi0o4NaL4E_6Mnh2hkBth4tDfNNgK0qo/getUpdates "HTTP/1.1 200 OK"
2026-07-03 14:46:45,821 [INFO] HTTP Request: POST https://api.telegram.org/bot8061605107:AAGWi0o4NaL4E_6Mnh2hkBth4tDfNNgK0qo/getUpdates "HTTP/1.1 200 OK"
2026-07-03 14:46:56,004 [INFO] HTTP Request: POST https://api.telegram.org/bot8061605107:AAGWi0o4NaL4E_6Mnh2hkBth4tDfNNgK0qo/getUpdates "HTTP/1.1 200 OK"
2026-07-03 14:47:06,187 [INFO] HTTP Request: POST https://api.telegram.org/bot8061605107:AAGWi0o4NaL4E_6Mnh2hkBth4tDfNNgK0qo/getUpdates "HTTP/1.1 200 OK"
2026-07-03 14:47:16,372 [INFO] HTTP Request: POST https://api.telegram.org/bot8061605107:AAGWi0o4NaL4E_6Mnh2hkBth4tDfNNgK0qo/getUpdates "HTTP/1.1 200 OK"
2026-07-03 14:47:26,579 [INFO] HTTP Request: POST https://api.telegram.org/bot8061605107:AAGWi0o4NaL4E_6Mnh2hkBth4tDfNNgK0qo/getUpdates "HTTP/1.1 200 OK"
2026-07-03 14:47:36,764 [INFO] HTTP Request: POST https://api.telegram.org/bot8061605107:AAGWi0o4NaL4E_6Mnh2hkBth4tDfNNgK0qo/getUpdates "HTTP/1.1 200 OK"
2026-07-03 14:47:46,946 [INFO] HTTP Request: POST https://api.telegram.org/bot8061605107:AAGWi0o4NaL4E_6Mnh2hkBth4tDfNNgK0qo/getUpdates "HTTP/1.1 200 OK"
2026-07-03 14:47:57,130 [INFO] HTTP Request: POST https://api.telegram.org/bot8061605107:AAGWi0o4NaL4E_6Mnh2hkBth4tDfNNgK0qo/getUpdates "HTTP/1.1 200 OK"
2026-07-03 14:48:07,313 [INFO] HTTP Request: POST https://api.telegram.org/bot8061605107:AAGWi0o4NaL4E_6Mnh2hkBth4tDfNNgK0qo/getUpdates "HTTP/1.1 200 OK"
2026-07-03 14:48:17,497 [INFO] HTTP Request: POST https://api.telegram.org/bot8061605107:AAGWi0o4NaL4E_6Mnh2hkBth4tDfNNgK0qo/getUpdates "HTTP/1.1 200 OK"
2026-07-03 14:48:27,679 [INFO] HTTP Request: POST https://api.telegram.org/bot8061605107:AAGWi0o4NaL4E_6Mnh2hkBth4tDfNNgK0qo/getUpdates "HTTP/1.1 200 OK"
2026-07-03 14:48:37,863 [INFO] HTTP Request: POST https://api.telegram.org/bot8061605107:AAGWi0o4NaL4E_6Mnh2hkBth4tDfNNgK0qo/getUpdates "HTTP/1.1 200 OK"
2026-07-03 14:48:48,044 [INFO] HTTP Request: POST https://api.telegram.org/bot8061605107:AAGWi0o4NaL4E_6Mnh2hkBth4tDfNNgK0qo/getUpdates "HTTP/1.1 200 OK"
2026-07-03 14:48:58,232 [INFO] HTTP Request: POST https://api.telegram.org/bot8061605107:AAGWi0o4NaL4E_6Mnh2hkBth4tDfNNgK0qo/getUpdates "HTTP/1.1 200 OK"
2026-07-03 14:49:08,427 [INFO] HTTP Request: POST https://api.telegram.org/bot8061605107:AAGWi0o4NaL4E_6Mnh2hkBth4tDfNNgK0qo/getUpdates "HTTP/1.1 200 OK"
2026-07-03 14:49:18,611 [INFO] HTTP Request: POST https://api.telegram.org/bot8061605107:AAGWi0o4NaL4E_6Mnh2hkBth4tDfNNgK0qo/getUpdates "HTTP/1.1 200 OK"
2026-07-03 14:49:28,793 [INFO] HTTP Request: POST https://api.telegram.org/bot8061605107:AAGWi0o4NaL4E_6Mnh2hkBth4tDfNNgK0qo/getUpdates "HTTP/1.1 200 OK"
2026-07-03 14:49:38,976 [INFO] HTTP Request: POST https://api.telegram.org/bot8061605107:AAGWi0o4NaL4E_6Mnh2hkBth4tDfNNgK0qo/getUpdates "HTTP/1.1 200 OK"
2026-07-03 14:49:49,160 [INFO] HTTP Request: POST https://api.telegram.org/bot8061605107:AAGWi0o4NaL4E_6Mnh2hkBth4tDfNNgK0qo/getUpdates "HTTP/1.1 200 OK"
2026-07-03 14:49:59,342 [INFO] HTTP Request: POST https://api.telegram.org/bot8061605107:AAGWi0o4NaL4E_6Mnh2hkBth4tDfNNgK0qo/getUpdates "HTTP/1.1 200 OK"
2026-07-03 14:50:09,524 [INFO] HTTP Request: POST https://api.telegram.org/bot8061605107:AAGWi0o4NaL4E_6Mnh2hkBth4tDfNNgK0qo/getUpdates "HTTP/1.1 200 OK"
2026-07-03 14:50:19,727 [INFO] HTTP Request: POST https://api.telegram.org/bot8061605107:AAGWi0o4NaL4E_6Mnh2hkBth4tDfNNgK0qo/getUpdates "HTTP/1.1 200 OK"
2026-07-03 14:50:29,926 [INFO] HTTP Request: POST https://api.telegram.org/bot8061605107:AAGWi0o4NaL4E_6Mnh2hkBth4tDfNNgK0qo/getUpdates "HTTP/1.1 200 OK"
2026-07-03 14:50:40,108 [INFO] HTTP Request: POST https://api.telegram.org/bot8061605107:AAGWi0o4NaL4E_6Mnh2hkBth4tDfNNgK0qo/getUpdates "HTTP/1.1 200 OK"
